Archive member included to satisfy reference by file (symbol)

/usr/lib/gap_riscv_toolchain/bin/../lib/gcc/riscv32-unknown-elf/7.1.1/rv32imcxgap8/ilp32/libgcc.a(_bswapsi2.o)
                              /home/bitcraze/projects/IAA_2024/lab3/student/code/gap8/BUILD/GAP8_V2/GCC_RISCV_FREERTOS//home/bitcraze/projects/gap_sdk/rtos/pmsis/bsp/fs/lfs/lfs.o (__bswapsi2)
/usr/lib/gap_riscv_toolchain/bin/../lib/gcc/riscv32-unknown-elf/7.1.1/rv32imcxgap8/ilp32/libgcc.a(_udivdi3.o)
                              /home/bitcraze/projects/IAA_2024/lab3/student/code/gap8/BUILD/GAP8_V2/GCC_RISCV_FREERTOS//home/bitcraze/projects/gap_sdk/rtos/freeRTOS/vendors/gwt/pmsis/backend/pmsis_backend_native_task_api.o (__udivdi3)
/usr/lib/gap_riscv_toolchain/bin/../lib/gcc/riscv32-unknown-elf/7.1.1/rv32imcxgap8/ilp32/libgcc.a(adddf3.o)
                              /home/bitcraze/projects/IAA_2024/lab3/student/code/gap8/BUILD/GAP8_V2/GCC_RISCV_FREERTOS//home/bitcraze/projects/gap_sdk/rtos/freeRTOS/vendors/gwt/libs/printf/printf.o (__adddf3)
/usr/lib/gap_riscv_toolchain/bin/../lib/gcc/riscv32-unknown-elf/7.1.1/rv32imcxgap8/ilp32/libgcc.a(divdf3.o)
                              /home/bitcraze/projects/IAA_2024/lab3/student/code/gap8/BUILD/GAP8_V2/GCC_RISCV_FREERTOS//home/bitcraze/projects/gap_sdk/rtos/freeRTOS/vendors/gwt/libs/printf/printf.o (__divdf3)
/usr/lib/gap_riscv_toolchain/bin/../lib/gcc/riscv32-unknown-elf/7.1.1/rv32imcxgap8/ilp32/libgcc.a(eqdf2.o)
                              /home/bitcraze/projects/IAA_2024/lab3/student/code/gap8/BUILD/GAP8_V2/GCC_RISCV_FREERTOS//home/bitcraze/projects/gap_sdk/rtos/freeRTOS/vendors/gwt/libs/printf/printf.o (__nedf2)
/usr/lib/gap_riscv_toolchain/bin/../lib/gcc/riscv32-unknown-elf/7.1.1/rv32imcxgap8/ilp32/libgcc.a(gedf2.o)
                              /home/bitcraze/projects/IAA_2024/lab3/student/code/gap8/BUILD/GAP8_V2/GCC_RISCV_FREERTOS//home/bitcraze/projects/gap_sdk/rtos/freeRTOS/vendors/gwt/libs/printf/printf.o (__gedf2)
/usr/lib/gap_riscv_toolchain/bin/../lib/gcc/riscv32-unknown-elf/7.1.1/rv32imcxgap8/ilp32/libgcc.a(ledf2.o)
                              /home/bitcraze/projects/IAA_2024/lab3/student/code/gap8/BUILD/GAP8_V2/GCC_RISCV_FREERTOS//home/bitcraze/projects/gap_sdk/rtos/freeRTOS/vendors/gwt/libs/printf/printf.o (__ltdf2)
/usr/lib/gap_riscv_toolchain/bin/../lib/gcc/riscv32-unknown-elf/7.1.1/rv32imcxgap8/ilp32/libgcc.a(muldf3.o)
                              /home/bitcraze/projects/IAA_2024/lab3/student/code/gap8/BUILD/GAP8_V2/GCC_RISCV_FREERTOS//home/bitcraze/projects/gap_sdk/rtos/freeRTOS/vendors/gwt/libs/printf/printf.o (__muldf3)
/usr/lib/gap_riscv_toolchain/bin/../lib/gcc/riscv32-unknown-elf/7.1.1/rv32imcxgap8/ilp32/libgcc.a(subdf3.o)
                              /home/bitcraze/projects/IAA_2024/lab3/student/code/gap8/BUILD/GAP8_V2/GCC_RISCV_FREERTOS//home/bitcraze/projects/gap_sdk/rtos/freeRTOS/vendors/gwt/libs/printf/printf.o (__subdf3)
/usr/lib/gap_riscv_toolchain/bin/../lib/gcc/riscv32-unknown-elf/7.1.1/rv32imcxgap8/ilp32/libgcc.a(fixdfsi.o)
                              /home/bitcraze/projects/IAA_2024/lab3/student/code/gap8/BUILD/GAP8_V2/GCC_RISCV_FREERTOS//home/bitcraze/projects/gap_sdk/rtos/freeRTOS/vendors/gwt/libs/printf/printf.o (__fixdfsi)
/usr/lib/gap_riscv_toolchain/bin/../lib/gcc/riscv32-unknown-elf/7.1.1/rv32imcxgap8/ilp32/libgcc.a(fixunsdfsi.o)
                              /home/bitcraze/projects/IAA_2024/lab3/student/code/gap8/BUILD/GAP8_V2/GCC_RISCV_FREERTOS//home/bitcraze/projects/gap_sdk/rtos/freeRTOS/vendors/gwt/libs/printf/printf.o (__fixunsdfsi)
/usr/lib/gap_riscv_toolchain/bin/../lib/gcc/riscv32-unknown-elf/7.1.1/rv32imcxgap8/ilp32/libgcc.a(floatsidf.o)
                              /home/bitcraze/projects/IAA_2024/lab3/student/code/gap8/BUILD/GAP8_V2/GCC_RISCV_FREERTOS//home/bitcraze/projects/gap_sdk/rtos/freeRTOS/vendors/gwt/libs/printf/printf.o (__floatsidf)
/usr/lib/gap_riscv_toolchain/bin/../lib/gcc/riscv32-unknown-elf/7.1.1/rv32imcxgap8/ilp32/libgcc.a(floatunsidf.o)
                              /home/bitcraze/projects/IAA_2024/lab3/student/code/gap8/BUILD/GAP8_V2/GCC_RISCV_FREERTOS//home/bitcraze/projects/gap_sdk/rtos/freeRTOS/vendors/gwt/libs/printf/printf.o (__floatunsidf)
/usr/lib/gap_riscv_toolchain/bin/../lib/gcc/riscv32-unknown-elf/7.1.1/rv32imcxgap8/ilp32/libgcc.a(divsf3.o)
                              /home/bitcraze/projects/IAA_2024/lab3/student/code/gap8/BUILD/GAP8_V2/GCC_RISCV_FREERTOS//home/bitcraze/projects/gap_sdk/rtos/freeRTOS/vendors/gwt/gap8/pmsis/drivers/timer/timer.o (__divsf3)
/usr/lib/gap_riscv_toolchain/bin/../lib/gcc/riscv32-unknown-elf/7.1.1/rv32imcxgap8/ilp32/libgcc.a(mulsf3.o)
                              /home/bitcraze/projects/IAA_2024/lab3/student/code/gap8/BUILD/GAP8_V2/GCC_RISCV_FREERTOS//home/bitcraze/projects/gap_sdk/rtos/freeRTOS/vendors/gwt/gap8/pmsis/drivers/timer/timer.o (__mulsf3)
/usr/lib/gap_riscv_toolchain/bin/../lib/gcc/riscv32-unknown-elf/7.1.1/rv32imcxgap8/ilp32/libgcc.a(fixunssfsi.o)
[...]
Memory Configuration

Name             Origin             Length             Attributes
FC_tcdm          0x000000001b000000 0x0000000000004000
fc_tcdm_aliased  0x0000000000000004 0x0000000000003ffc
L2               0x000000001c000000 0x0000000000080000
L1_sram          0x0000000010000000 0x0000000000010000
*default*        0x0000000000000000 0xffffffffffffffff

Linker script and memory map

LOAD /home/bitcraze/projects/IAA_2024/lab3/student/code/gap8/BUILD/GAP8_V2/GCC_RISCV_FREERTOS/iaa_lab3.o
LOAD /home/bitcraze/projects/IAA_2024/lab3/student/code/gap8/BUILD/GAP8_V2/GCC_RISCV_FREERTOS/lib/cpx/src/cpx.o
LOAD /home/bitcraze/projects/IAA_2024/lab3/student/code/gap8/BUILD/GAP8_V2/GCC_RISCV_FREERTOS/lib/cpx/src/com.o
LOAD /home/bitcraze/projects/IAA_2024/lab3/student/code/gap8/BUILD/GAP8_V2/GCC_RISCV_FREERTOS//home/bitcraze/projects/gap_sdk/rtos/freeRTOS/vendors/gwt/gap8/src/device/gap8_iet.o
LOAD /home/bitcraze/projects/IAA_2024/lab3/student/code/gap8/BUILD/GAP8_V2/GCC_RISCV_FREERTOS//home/bitcraze/projects/gap_sdk/rtos/freeRTOS/vendors/gwt/gap8/src/device/startup_gap8.o
LOAD /home/bitcraze/projects/IAA_2024/lab3/student/code/gap8/BUILD/GAP8_V2/GCC_RISCV_FREERTOS//home/bitcraze/projects/gap_sdk/rtos/freeRTOS/vendors/gwt/gap8/pmsis/cluster/drivers/cluster_synchronisation/cluster_core.o
LOAD /home/bitcraze/projects/IAA_2024/lab3/student/code/gap8/BUILD/GAP8_V2/GCC_RISCV_FREERTOS//home/bitcraze/projects/gap_sdk/rtos/freeRTOS/vendors/gwt/gap8/pmsis/util/asm_util.o
LOAD /home/bitcraze/projects/IAA_2024/lab3/student/code/gap8/BUILD/GAP8_V2/GCC_RISCV_FREERTOS//home/bitcraze/projects/gap_sdk/rtos/freeRTOS/freertos_kernel/portable/GCC/RI5CY-GAP8/port_asm.o
LOAD /home/bitcraze/projects/IAA_2024/lab3/student/code/gap8/BUILD/GAP8_V2/GCC_RISCV_FREERTOS//home/bitcraze/projects/gap_sdk/rtos/freeRTOS/vendors/gwt/gap8/src/device/gap8_it.o
LOAD /home/bitcraze/projects/IAA_2024/lab3/student/code/gap8/BUILD/GAP8_V2/GCC_RISCV_FREERTOS//home/bitcraze/projects/gap_sdk/rtos/freeRTOS/vendors/gwt/gap8/src/device/system_gap8.o
LOAD /home/bitcraze/projects/IAA_2024/lab3/student/code/gap8/BUILD/GAP8_V2/GCC_RISCV_FREERTOS//home/bitcraze/projects/gap_sdk/rtos/freeRTOS/vendors/gwt/gap8/src/driver/gap_io.o
LOAD /home/bitcraze/projects/IAA_2024/lab3/student/code/gap8/BUILD/GAP8_V2/GCC_RISCV_FREERTOS//home/bitcraze/projects/gap_sdk/rtos/freeRTOS/vendors/gwt/libs/src/stdlib.o
LOAD /home/bitcraze/projects/IAA_2024/lab3/student/code/gap8/BUILD/GAP8_V2/GCC_RISCV_FREERTOS//home/bitcraze/projects/gap_sdk/rtos/freeRTOS/vendors/gwt/libs/src/string.o
LOAD /home/bitcraze/projects/IAA_2024/lab3/student/code/gap8/BUILD/GAP8_V2/GCC_RISCV_FREERTOS//home/bitcraze/projects/gap_sdk/rtos/freeRTOS/vendors/gwt/libs/src/errno.o
LOAD /home/bitcraze/projects/IAA_2024/lab3/student/code/gap8/BUILD/GAP8_V2/GCC_RISCV_FREERTOS//home/bitcraze/projects/gap_sdk/rtos/freeRTOS/vendors/gwt/gap8/pmsis/cluster/malloc/cl_malloc.o
LOAD /home/bitcraze/projects/IAA_2024/lab3/student/code/gap8/BUILD/GAP8_V2/GCC_RISCV_FREERTOS//home/bitcraze/projects/gap_sdk/rtos/freeRTOS/vendors/gwt/gap8/pmsis/cluster/drivers/cluster_synchronisation/cl_to_fc_delegate.o
LOAD /home/bitcraze/projects/IAA_2024/lab3/student/code/gap8/BUILD/GAP8_V2/GCC_RISCV_FREERTOS//home/bitcraze/projects/gap_sdk/rtos/freeRTOS/vendors/gwt/gap8/pmsis/cluster/drivers/cluster_synchronisation/fc_to_cl_delegate.o
LOAD /home/bitcraze/projects/IAA_2024/lab3/student/code/gap8/BUILD/GAP8_V2/GCC_RISCV_FREERTOS//home/bitcraze/projects/gap_sdk/rtos/freeRTOS/vendors/gwt/gap8/pmsis/cluster/drivers/cluster_team/cl_team.o
LOAD /home/bitcraze/projects/IAA_2024/lab3/student/code/gap8/BUILD/GAP8_V2/GCC_RISCV_FREERTOS//home/bitcraze/projects/gap_sdk/rtos/freeRTOS/vendors/gwt/gap8/pmsis/cluster/drivers/delegate/hyperbus/hyperbus_cl_internal.o
LOAD /home/bitcraze/projects/IAA_2024/lab3/student/code/gap8/BUILD/GAP8_V2/GCC_RISCV_FREERTOS//home/bitcraze/projects/gap_sdk/rtos/freeRTOS/vendors/gwt/gap8/pmsis/cluster/drivers/delegate/uart/uart_cl_internal.o
LOAD /home/bitcraze/projects/IAA_2024/lab3/student/code/gap8/BUILD/GAP8_V2/GCC_RISCV_FREERTOS//home/bitcraze/projects/gap_sdk/rtos/freeRTOS/vendors/gwt/gap8/pmsis/cluster/drivers/dma/cl_dma_irq.o
LOAD /home/bitcraze/projects/IAA_2024/lab3/student/code/gap8/BUILD/GAP8_V2/GCC_RISCV_FREERTOS//home/bitcraze/projects/gap_sdk/rtos/freeRTOS/vendors/gwt/gap8/pmsis/drivers/fc_event/fc_event.o
LOAD /home/bitcraze/projects/IAA_2024/lab3/student/code/gap8/BUILD/GAP8_V2/GCC_RISCV_FREERTOS//home/bitcraze/projects/gap_sdk/rtos/freeRTOS/vendors/gwt/gap8/pmsis/drivers/fll/fll.o
LOAD /home/bitcraze/projects/IAA_2024/lab3/student/code/gap8/BUILD/GAP8_V2/GCC_RISCV_FREERTOS//home/bitcraze/projects/gap_sdk/rtos/freeRTOS/vendors/gwt/gap8/pmsis/drivers/gpio/gpio.o
LOAD /home/bitcraze/projects/IAA_2024/lab3/student/code/gap8/BUILD/GAP8_V2/GCC_RISCV_FREERTOS//home/bitcraze/projects/gap_sdk/rtos/freeRTOS/vendors/gwt/gap8/pmsis/drivers/pad/pad.o
LOAD /home/bitcraze/projects/IAA_2024/lab3/student/code/gap8/BUILD/GAP8_V2/GCC_RISCV_FREERTOS//home/bitcraze/projects/gap_sdk/rtos/freeRTOS/vendors/gwt/gap8/pmsis/drivers/pmu/pmu.o
LOAD /home/bitcraze/projects/IAA_2024/lab3/student/code/gap8/BUILD/GAP8_V2/GCC_RISCV_FREERTOS//home/bitcraze/projects/gap_sdk/rtos/freeRTOS/vendors/gwt/gap8/pmsis/drivers/pmu/pmu_internal.o
LOAD /home/bitcraze/projects/IAA_2024/lab3/student/code/gap8/BUILD/GAP8_V2/GCC_RISCV_FREERTOS//home/bitcraze/projects/gap_sdk/rtos/freeRTOS/vendors/gwt/gap8/pmsis/drivers/pwm/pwm.o
LOAD /home/bitcraze/projects/IAA_2024/lab3/student/code/gap8/BUILD/GAP8_V2/GCC_RISCV_FREERTOS//home/bitcraze/projects/gap_sdk/rtos/freeRTOS/vendors/gwt/gap8/pmsis/drivers/pwm/pwm_internal.o
LOAD /home/bitcraze/projects/IAA_2024/lab3/student/code/gap8/BUILD/GAP8_V2/GCC_RISCV_FREERTOS//home/bitcraze/projects/gap_sdk/rtos/freeRTOS/vendors/gwt/gap8/pmsis/drivers/rtc/rtc.o
LOAD /home/bitcraze/projects/IAA_2024/lab3/student/code/gap8/BUILD/GAP8_V2/GCC_RISCV_FREERTOS//home/bitcraze/projects/gap_sdk/rtos/freeRTOS/vendors/gwt/gap8/pmsis/drivers/rtc/rtc_internal.o
LOAD /home/bitcraze/projects/IAA_2024/lab3/student/code/gap8/BUILD/GAP8_V2/GCC_RISCV_FREERTOS//home/bitcraze/projects/gap_sdk/rtos/freeRTOS/vendors/gwt/gap8/pmsis/drivers/timer/timer.o
LOAD /home/bitcraze/projects/IAA_2024/lab3/student/code/gap8/BUILD/GAP8_V2/GCC_RISCV_FREERTOS//home/bitcraze/projects/gap_sdk/rtos/freeRTOS/vendors/gwt/gap8/pmsis/drivers/udma/hyperbus/hyperbus.o
LOAD /home/bitcraze/projects/IAA_2024/lab3/student/code/gap8/BUILD/GAP8_V2/GCC_RISCV_FREERTOS//home/bitcraze/projects/gap_sdk/rtos/freeRTOS/vendors/gwt/gap8/pmsis/drivers/udma/hyperbus/hyperbus_internal.o
LOAD /home/bitcraze/projects/IAA_2024/lab3/student/code/gap8/BUILD/GAP8_V2/GCC_RISCV_FREERTOS//home/bitcraze/projects/gap_sdk/rtos/freeRTOS/vendors/gwt/gap8/pmsis/drivers/udma/cpi/cpi.o
LOAD /home/bitcraze/projects/IAA_2024/lab3/student/code/gap8/BUILD/GAP8_V2/GCC_RISCV_FREERTOS//home/bitcraze/projects/gap_sdk/rtos/freeRTOS/vendors/gwt/gap8/pmsis/drivers/udma/cpi/cpi_internal.o
LOAD /home/bitcraze/projects/IAA_2024/lab3/student/code/gap8/BUILD/GAP8_V2/GCC_RISCV_FREERTOS//home/bitcraze/projects/gap_sdk/rtos/freeRTOS/vendors/gwt/gap8/pmsis/drivers/udma/dmacpy/dmacpy.o
LOAD /home/bitcraze/projects/IAA_2024/lab3/student/code/gap8/BUILD/GAP8_V2/GCC_RISCV_FREERTOS//home/bitcraze/projects/gap_sdk/rtos/freeRTOS/vendors/gwt/gap8/pmsis/drivers/udma/dmacpy/dmacpy_internal.o
LOAD /home/bitcraze/projects/IAA_2024/lab3/student/code/gap8/BUILD/GAP8_V2/GCC_RISCV_FREERTOS//home/bitcraze/projects/gap_sdk/rtos/freeRTOS/vendors/gwt/gap8/pmsis/drivers/udma/i2c/i2c.o
LOAD /home/bitcraze/projects/IAA_2024/lab3/student/code/gap8/BUILD/GAP8_V2/GCC_RISCV_FREERTOS//home/bitcraze/projects/gap_sdk/rtos/freeRTOS/vendors/gwt/gap8/pmsis/drivers/udma/i2c/i2c_internal.o
LOAD /home/bitcraze/projects/IAA_2024/lab3/student/code/gap8/BUILD/GAP8_V2/GCC_RISCV_FREERTOS//home/bitcraze/projects/gap_sdk/rtos/freeRTOS/vendors/gwt/gap8/pmsis/drivers/udma/i2s/i2s.o
LOAD /home/bitcraze/projects/IAA_2024/lab3/student/code/gap8/BUILD/GAP8_V2/GCC_RISCV_FREERTOS//home/bitcraze/projects/gap_sdk/rtos/freeRTOS/vendors/gwt/gap8/pmsis/drivers/udma/i2s/i2s_internal.o
LOAD /home/bitcraze/projects/IAA_2024/lab3/student/code/gap8/BUILD/GAP8_V2/GCC_RISCV_FREERTOS//home/bitcraze/projects/gap_sdk/rtos/freeRTOS/vendors/gwt/gap8/pmsis/drivers/udma/spi/spi.o
LOAD /home/bitcraze/projects/IAA_2024/lab3/student/code/gap8/BUILD/GAP8_V2/GCC_RISCV_FREERTOS//home/bitcraze/projects/gap_sdk/rtos/freeRTOS/vendors/gwt/gap8/pmsis/drivers/udma/spi/spi_internal.o
LOAD /home/bitcraze/projects/IAA_2024/lab3/student/code/gap8/BUILD/GAP8_V2/GCC_RISCV_FREERTOS//home/bitcraze/projects/gap_sdk/rtos/freeRTOS/vendors/gwt/gap8/pmsis/drivers/udma/uart/uart.o
LOAD /home/bitcraze/projects/IAA_2024/lab3/student/code/gap8/BUILD/GAP8_V2/GCC_RISCV_FREERTOS//home/bitcraze/projects/gap_sdk/rtos/freeRTOS/vendors/gwt/gap8/pmsis/drivers/udma/uart/uart_internal.o
LOAD /home/bitcraze/projects/IAA_2024/lab3/student/code/gap8/BUILD/GAP8_V2/GCC_RISCV_FREERTOS//home/bitcraze/projects/gap_sdk/rtos/pmsis/bsp/flash/flash.o
LOAD /home/bitcraze/projects/IAA_2024/lab3/student/code/gap8/BUILD/GAP8_V2/GCC_RISCV_FREERTOS//home/bitcraze/projects/gap_sdk/rtos/pmsis/bsp/partition/partition.o
LOAD /home/bitcraze/projects/IAA_2024/lab3/student/code/gap8/BUILD/GAP8_V2/GCC_RISCV_FREERTOS//home/bitcraze/projects/gap_sdk/rtos/pmsis/bsp/partition/flash_partition.o
LOAD /home/bitcraze/projects/IAA_2024/lab3/student/code/gap8/BUILD/GAP8_V2/GCC_RISCV_FREERTOS//home/bitcraze/projects/gap_sdk/rtos/pmsis/bsp/crc/md5.o
LOAD /home/bitcraze/projects/IAA_2024/lab3/student/code/gap8/BUILD/GAP8_V2/GCC_RISCV_FREERTOS//home/bitcraze/projects/gap_sdk/rtos/pmsis/bsp/fs/fs.o
LOAD /home/bitcraze/projects/IAA_2024/lab3/student/code/gap8/BUILD/GAP8_V2/GCC_RISCV_FREERTOS//home/bitcraze/projects/gap_sdk/rtos/pmsis/bsp/fs/lfs/lfs.o
LOAD /home/bitcraze/projects/IAA_2024/lab3/student/code/gap8/BUILD/GAP8_V2/GCC_RISCV_FREERTOS//home/bitcraze/projects/gap_sdk/rtos/pmsis/bsp/fs/lfs/lfs_util.o
LOAD /home/bitcraze/projects/IAA_2024/lab3/student/code/gap8/BUILD/GAP8_V2/GCC_RISCV_FREERTOS//home/bitcraze/projects/gap_sdk/rtos/pmsis/bsp/fs/lfs/pi_lfs.o
LOAD /home/bitcraze/projects/IAA_2024/lab3/student/code/gap8/BUILD/GAP8_V2/GCC_RISCV_FREERTOS//home/bitcraze/projects/gap_sdk/rtos/pmsis/bsp/fs/read_fs/read_fs.o
LOAD /home/bitcraze/projects/IAA_2024/lab3/student/code/gap8/BUILD/GAP8_V2/GCC_RISCV_FREERTOS//home/bitcraze/projects/gap_sdk/rtos/pmsis/bsp/fs/host_fs/host_fs.o
LOAD /home/bitcraze/projects/IAA_2024/lab3/student/code/gap8/BUILD/GAP8_V2/GCC_RISCV_FREERTOS//home/bitcraze/projects/gap_sdk/rtos/pmsis/bsp/ota/ota.o
LOAD /home/bitcraze/projects/IAA_2024/lab3/student/code/gap8/BUILD/GAP8_V2/GCC_RISCV_FREERTOS//home/bitcraze/projects/gap_sdk/rtos/pmsis/bsp/ota/ota_utility.o
LOAD /home/bitcraze/projects/IAA_2024/lab3/student/code/gap8/BUILD/GAP8_V2/GCC_RISCV_FREERTOS//home/bitcraze/projects/gap_sdk/rtos/pmsis/bsp/ota/updater.o
LOAD /home/bitcraze/projects/IAA_2024/lab3/student/code/gap8/BUILD/GAP8_V2/GCC_RISCV_FREERTOS//home/bitcraze/projects/gap_sdk/rtos/pmsis/bsp/bootloader/bootloader_utility.o
LOAD /home/bitcraze/projects/IAA_2024/lab3/student/code/gap8/BUILD/GAP8_V2/GCC_RISCV_FREERTOS//home/bitcraze/projects/gap_sdk/rtos/pmsis/bsp/bsp/ai_deck.o
LOAD /home/bitcraze/projects/IAA_2024/lab3/student/code/gap8/BUILD/GAP8_V2/GCC_RISCV_FREERTOS//home/bitcraze/projects/gap_sdk/rtos/pmsis/bsp/camera/camera.o
LOAD /home/bitcraze/projects/IAA_2024/lab3/student/code/gap8/BUILD/GAP8_V2/GCC_RISCV_FREERTOS//home/bitcraze/projects/gap_sdk/rtos/pmsis/bsp/camera/himax/himax.o
LOAD /home/bitcraze/projects/IAA_2024/lab3/student/code/gap8/BUILD/GAP8_V2/GCC_RISCV_FREERTOS//home/bitcraze/projects/gap_sdk/rtos/pmsis/bsp/flash/hyperflash/hyperflash.o
LOAD /home/bitcraze/projects/IAA_2024/lab3/student/code/gap8/BUILD/GAP8_V2/GCC_RISCV_FREERTOS//home/bitcraze/projects/gap_sdk/rtos/pmsis/bsp/ram/hyperram/hyperram.o
LOAD /home/bitcraze/projects/IAA_2024/lab3/student/code/gap8/BUILD/GAP8_V2/GCC_RISCV_FREERTOS//home/bitcraze/projects/gap_sdk/rtos/pmsis/bsp/ram/spiram/spiram.o
LOAD /home/bitcraze/projects/IAA_2024/lab3/student/code/gap8/BUILD/GAP8_V2/GCC_RISCV_FREERTOS//home/bitcraze/projects/gap_sdk/rtos/pmsis/bsp/flash/spiflash/spiflash.o
LOAD /home/bitcraze/projects/IAA_2024/lab3/student/code/gap8/BUILD/GAP8_V2/GCC_RISCV_FREERTOS//home/bitcraze/projects/gap_sdk/rtos/pmsis/bsp/ram/ram.o
LOAD /home/bitcraze/projects/IAA_2024/lab3/student/code/gap8/BUILD/GAP8_V2/GCC_RISCV_FREERTOS//home/bitcraze/projects/gap_sdk/rtos/pmsis/bsp/ram/alloc_extern.o
LOAD /home/bitcraze/projects/IAA_2024/lab3/student/code/gap8/BUILD/GAP8_V2/GCC_RISCV_FREERTOS//home/bitcraze/projects/gap_sdk/rtos/freeRTOS/vendors/gwt/pmsis/rtos/pi_log.o
LOAD /home/bitcraze/projects/IAA_2024/lab3/student/code/gap8/BUILD/GAP8_V2/GCC_RISCV_FREERTOS//home/bitcraze/projects/gap_sdk/rtos/freeRTOS/vendors/gwt/pmsis/rtos/event_kernel/event_kernel.o
LOAD /home/bitcraze/projects/IAA_2024/lab3/student/code/gap8/BUILD/GAP8_V2/GCC_RISCV_FREERTOS//home/bitcraze/projects/gap_sdk/rtos/freeRTOS/vendors/gwt/pmsis/rtos/mem_slab/mem_slab.o
LOAD /home/bitcraze/projects/IAA_2024/lab3/student/code/gap8/BUILD/GAP8_V2/GCC_RISCV_FREERTOS//home/bitcraze/projects/gap_sdk/rtos/freeRTOS/vendors/gwt/pmsis/rtos/malloc/cl_l1_malloc.o
LOAD /home/bitcraze/projects/IAA_2024/lab3/student/code/gap8/BUILD/GAP8_V2/GCC_RISCV_FREERTOS//home/bitcraze/projects/gap_sdk/rtos/freeRTOS/vendors/gwt/pmsis/rtos/malloc/fc_l1_malloc.o
LOAD /home/bitcraze/projects/IAA_2024/lab3/student/code/gap8/BUILD/GAP8_V2/GCC_RISCV_FREERTOS//home/bitcraze/projects/gap_sdk/rtos/freeRTOS/vendors/gwt/pmsis/rtos/malloc/l2_malloc.o
LOAD /home/bitcraze/projects/IAA_2024/lab3/student/code/gap8/BUILD/GAP8_V2/GCC_RISCV_FREERTOS//home/bitcraze/projects/gap_sdk/rtos/freeRTOS/vendors/gwt/pmsis/rtos/malloc/malloc_external.o
LOAD /home/bitcraze/projects/IAA_2024/lab3/student/code/gap8/BUILD/GAP8_V2/GCC_RISCV_FREERTOS//home/bitcraze/projects/gap_sdk/rtos/freeRTOS/vendors/gwt/pmsis/rtos/malloc/malloc_internal.o
LOAD /home/bitcraze/projects/IAA_2024/lab3/student/code/gap8/BUILD/GAP8_V2/GCC_RISCV_FREERTOS//home/bitcraze/projects/gap_sdk/rtos/freeRTOS/vendors/gwt/pmsis/rtos/malloc/pi_malloc.o
LOAD /home/bitcraze/projects/IAA_2024/lab3/student/code/gap8/BUILD/GAP8_V2/GCC_RISCV_FREERTOS//home/bitcraze/projects/gap_sdk/rtos/freeRTOS/vendors/gwt/pmsis/rtos/os/device.o
LOAD /home/bitcraze/projects/IAA_2024/lab3/student/code/gap8/BUILD/GAP8_V2/GCC_RISCV_FREERTOS//home/bitcraze/projects/gap_sdk/rtos/freeRTOS/vendors/gwt/pmsis/rtos/os/pmsis_task.o
LOAD /home/bitcraze/projects/IAA_2024/lab3/student/code/gap8/BUILD/GAP8_V2/GCC_RISCV_FREERTOS//home/bitcraze/projects/gap_sdk/rtos/freeRTOS/vendors/gwt/pmsis/backend/pmsis_backend_native_task_api.o
LOAD /home/bitcraze/projects/IAA_2024/lab3/student/code/gap8/BUILD/GAP8_V2/GCC_RISCV_FREERTOS//home/bitcraze/projects/gap_sdk/rtos/freeRTOS/freertos_kernel/portable/GCC/RI5CY-GAP8/port.o
LOAD /home/bitcraze/projects/IAA_2024/lab3/student/code/gap8/BUILD/GAP8_V2/GCC_RISCV_FREERTOS//home/bitcraze/projects/gap_sdk/rtos/freeRTOS/vendors/gwt/libs/printf/printf.o
LOAD /home/bitcraze/projects/IAA_2024/lab3/student/code/gap8/BUILD/GAP8_V2/GCC_RISCV_FREERTOS//home/bitcraze/projects/gap_sdk/rtos/freeRTOS/freertos_kernel/list.o
LOAD /home/bitcraze/projects/IAA_2024/lab3/student/code/gap8/BUILD/GAP8_V2/GCC_RISCV_FREERTOS//home/bitcraze/projects/gap_sdk/rtos/freeRTOS/freertos_kernel/queue.o
LOAD /home/bitcraze/projects/IAA_2024/lab3/student/code/gap8/BUILD/GAP8_V2/GCC_RISCV_FREERTOS//home/bitcraze/projects/gap_sdk/rtos/freeRTOS/freertos_kernel/tasks.o
LOAD /home/bitcraze/projects/IAA_2024/lab3/student/code/gap8/BUILD/GAP8_V2/GCC_RISCV_FREERTOS//home/bitcraze/projects/gap_sdk/rtos/freeRTOS/freertos_kernel/timers.o
LOAD /home/bitcraze/projects/IAA_2024/lab3/student/code/gap8/BUILD/GAP8_V2/GCC_RISCV_FREERTOS//home/bitcraze/projects/gap_sdk/rtos/freeRTOS/freertos_kernel/event_groups.o
LOAD /home/bitcraze/projects/IAA_2024/lab3/student/code/gap8/BUILD/GAP8_V2/GCC_RISCV_FREERTOS//home/bitcraze/projects/gap_sdk/rtos/freeRTOS/freertos_kernel/stream_buffer.o
LOAD /home/bitcraze/projects/IAA_2024/lab3/student/code/gap8/BUILD/GAP8_V2/GCC_RISCV_FREERTOS//home/bitcraze/projects/gap_sdk/rtos/freeRTOS/demos/gwt/config/gap8/FreeRTOS_util.o
LOAD /usr/lib/gap_riscv_toolchain/bin/../lib/gcc/riscv32-unknown-elf/7.1.1/rv32imcxgap8/ilp32/libgcc.a
                0x0000000000000000                __DYNAMIC = 0x0
                0x0000000000001000                __STACK_FC_SIZE = 0x1000
                0x0000000000000400                __STACK_IRQ_SIZE = 0x400

.l1FcTiny       0x000000001b000000        0x0
                0x000000001b000000                . = ALIGN (0x4)
                0x000000001b000000                __l1FcShared_start = .
 *(.l1FcTiny)
 *(.l1FcTiny.*)
                0x000000001b000000                . = ALIGN (0x4)
                0x000000001b000000                __l1FcShared_end = .
                0x0000000000000000                __l1FcShared_size = (__l1FcShared_end - __l1FcShared_start)

.fcTcdmTiny     0x0000000000000004        0xc load address 0x000000001b000000
 *(.fcTcdmTiny)
 .fcTcdmTiny    0x0000000000000004        0xc /home/bitcraze/projects/IAA_2024/lab3/student/code/gap8/BUILD/GAP8_V2/GCC_RISCV_FREERTOS//home/bitcraze/projects/gap_sdk/rtos/freeRTOS/vendors/gwt/gap8/pmsis/drivers/udma/hyperbus/hyperbus_internal.o
                0x0000000000000004                __global_hyper_driver_fifo
                0x0000000000000008                __global_hyper_fifo_head
                0x000000000000000c                __global_hyper_fifo_tail
 *(.fcTcdmTiny.*)

.fcTcdm
 *(.fcTcdm)
 *(.fcTcdm.*)

.fcTcdm_g       0x000000001b00000c      0x5bc
                0x000000001b000010                . = ALIGN (0x8)
 *fill*         0x000000001b00000c        0x4 
                0x000000001b000010                __fc_tcdm_g_start = .
 *(.fcTcdm_g)
 .fcTcdm_g      0x000000001b000010      0x264 /home/bitcraze/projects/IAA_2024/lab3/student/code/gap8/BUILD/GAP8_V2/GCC_RISCV_FREERTOS//home/bitcraze/projects/gap_sdk/rtos/freeRTOS/vendors/gwt/gap8/pmsis/cluster/drivers/cluster_synchronisation/cl_to_fc_delegate.o
                0x000000001b000010                delegate_task
                0x000000001b000270                delegate_task_mask
 .fcTcdm_g      0x000000001b000274       0xe4 /home/bitcraze/projects/IAA_2024/lab3/student/code/gap8/BUILD/GAP8_V2/GCC_RISCV_FREERTOS//home/bitcraze/projects/gap_sdk/rtos/freeRTOS/vendors/gwt/gap8/pmsis/drivers/fc_event/fc_event.o
 .fcTcdm_g      0x000000001b000358        0x4 /home/bitcraze/projects/IAA_2024/lab3/student/code/gap8/BUILD/GAP8_V2/GCC_RISCV_FREERTOS//home/bitcraze/projects/gap_sdk/rtos/freeRTOS/vendors/gwt/pmsis/rtos/event_kernel/event_kernel.o
                0x000000001b000358                default_sched
 .fcTcdm_g      0x000000001b00035c       0x10 /home/bitcraze/projects/IAA_2024/lab3/student/code/gap8/BUILD/GAP8_V2/GCC_RISCV_FREERTOS//home/bitcraze/projects/gap_sdk/rtos/freeRTOS/vendors/gwt/pmsis/backend/pmsis_backend_native_task_api.o
                0x000000001b00035c                delayed_task
                0x000000001b000364                timer_task
 .fcTcdm_g      0x000000001b00036c      0x258 /home/bitcraze/projects/IAA_2024/lab3/student/code/gap8/BUILD/GAP8_V2/GCC_RISCV_FREERTOS//home/bitcraze/projects/gap_sdk/rtos/freeRTOS/demos/gwt/config/gap8/FreeRTOS_util.o
 *(.fcTcdm_g.*)
                0x000000001b0005c8                . = ALIGN (0x8)
 *fill*         0x000000001b0005c4        0x4 
                0x000000001b0005c8                __fc_tcdm_g_end = .

.stack_irq      0x000000001b0005c8      0x400
                0x000000001b0005c8                . = ALIGN (0x4)
                0x000000001b0005c8                __stack_irq_end__ = .
                0x000000001b0009c8                . = (. + __STACK_IRQ_SIZE)
 *fill*         0x000000001b0005c8      0x400 
                0x000000001b0009c8                __stack_irq_start__ = .

.heapfcram      0x000000001b0009c8     0x1000
                0x000000001b0009c8                . = ALIGN (0x8)
 *(.heapfcram)
 *(.heapfcram.*)
                0x000000001b0009c8                . = ALIGN (0x8)
                0x000000001b0009c8                __heapfcram_start = .
                0x000000001b0009c8                __stack_fc_end__ = .
                0x000000001b0019c8                . = (. + __STACK_FC_SIZE)
 *fill*         0x000000001b0009c8     0x1000 
                0x000000001b0019c8                __stack_fc_start__ = .
                0x0000000000003638                __heapfcram_size = ((ORIGIN (FC_tcdm) + LENGTH (FC_tcdm)) - __heapfcram_start)

.vectors_irq    0x000000001c000000       0x94
                0x000000001c000000                . = ALIGN (0x100)
                0x000000001c000000                __irq_vector_base_m__ = .
 *(.vectors_irq)
 .vectors_irq   0x000000001c000000       0x94 /home/bitcraze/projects/IAA_2024/lab3/student/code/gap8/BUILD/GAP8_V2/GCC_RISCV_FREERTOS//home/bitcraze/projects/gap_sdk/rtos/freeRTOS/vendors/gwt/gap8/src/device/startup_gap8.o
                0x000000001c000090                __rt_debug_struct_ptr

.text           0x000000001c000094     0xfb3c
                0x000000001c000094                . = ALIGN (0x4)
                0x000000001c000094                _stext = .
 *(.text.reset)
 .text.reset    0x000000001c000094       0x7e /home/bitcraze/projects/IAA_2024/lab3/student/code/gap8/BUILD/GAP8_V2/GCC_RISCV_FREERTOS//home/bitcraze/projects/gap_sdk/rtos/freeRTOS/vendors/gwt/gap8/src/device/startup_gap8.o
                0x000000001c000094                reset_handler
 *(.text)
 .text          0x000000001c000112      0x2c8 /home/bitcraze/projects/IAA_2024/lab3/student/code/gap8/BUILD/GAP8_V2/GCC_RISCV_FREERTOS//home/bitcraze/projects/gap_sdk/rtos/freeRTOS/vendors/gwt/gap8/src/device/gap8_iet.o
                0x000000001c000112                default_handler
                0x000000001c000116                cluster_notify_fc_handler
                0x000000001c00014e                pendSV_handler
                0x000000001c0001be                systick_handler
                0x000000001c00023a                hi_res_timer_handler
                0x000000001c000272                fc_event_handler
                0x000000001c0002aa                fc_hyper_handler
                0x000000001c000358                dma_irq_handler
                0x000000001c000380                ecall_handler
                0x000000001c0003d2                ill_ins_handler
 .text          0x000000001c0003da      0x126 /home/bitcraze/projects/IAA_2024/lab3/student/code/gap8/BUILD/GAP8_V2/GCC_RISCV_FREERTOS//home/bitcraze/projects/gap_sdk/rtos/freeRTOS/vendors/gwt/gap8/pmsis/cluster/drivers/cluster_synchronisation/cluster_core.o
                0x000000001c0003da                cluster_exec_loop
                0x000000001c0004f2                cl_slave_stack_setup
 .text          0x000000001c000500       0xd8 /home/bitcraze/projects/IAA_2024/lab3/student/code/gap8/BUILD/GAP8_V2/GCC_RISCV_FREERTOS//home/bitcraze/projects/gap_sdk/rtos/freeRTOS/vendors/gwt/gap8/pmsis/util/asm_util.o
                0x000000001c000500                ASM_FUNC_SAVE_MINIMAL_CONTEXT
                0x000000001c000544                ASM_FUNC_RESTORE_MINIMAL_CONTEXT
                0x000000001c000588                ASM_FUNC_SAVE_SAVE_CONTEXT
                0x000000001c0005a2                ASM_FUNC_RESTORE_SAVE_CONTEXT
                0x000000001c0005bc                ASM_FUNC_SAVE_CSR_CONTEXT
                0x000000001c0005ca                ASM_FUNC_RESTORE_CSR_CONTEXT
 .text          0x000000001c0005d8       0x8e /home/bitcraze/projects/IAA_2024/lab3/student/code/gap8/BUILD/GAP8_V2/GCC_RISCV_FREERTOS//home/bitcraze/projects/gap_sdk/rtos/freeRTOS/freertos_kernel/portable/GCC/RI5CY-GAP8/port_asm.o
                0x000000001c0005d8                xPortStartScheduler
 .text          0x000000001c000666       0x64 /home/bitcraze/projects/IAA_2024/lab3/student/code/gap8/BUILD/GAP8_V2/GCC_RISCV_FREERTOS//home/bitcraze/projects/gap_sdk/rtos/freeRTOS/vendors/gwt/gap8/pmsis/drivers/fc_event/fc_event.o
                0x000000001c000666                fc_soc_event_handler
 .text          0x000000001c0006ca       0xe8 /home/bitcraze/projects/IAA_2024/lab3/student/code/gap8/BUILD/GAP8_V2/GCC_RISCV_FREERTOS//home/bitcraze/projects/gap_sdk/rtos/freeRTOS/vendors/gwt/gap8/pmsis/drivers/udma/hyperbus/hyperbus_internal.o
                0x000000001c0006ca                hyper_handler
 .text          0x000000001c0007b2      0x5fe /usr/lib/gap_riscv_toolchain/bin/../lib/gcc/riscv32-unknown-elf/7.1.1/rv32imcxgap8/ilp32/libgcc.a(adddf3.o)
                0x000000001c0007b2                __adddf3
 .text          0x000000001c000db0      0x4d2 /usr/lib/gap_riscv_toolchain/bin/../lib/gcc/riscv32-unknown-elf/7.1.1/rv32imcxgap8/ilp32/libgcc.a(divdf3.o)
                0x000000001c000db0                __divdf3
 .text          0x000000001c001282       0x60 /usr/lib/gap_riscv_toolchain/bin/../lib/gcc/riscv32-unknown-elf/7.1.1/rv32imcxgap8/ilp32/libgcc.a(eqdf2.o)
                0x000000001c001282                __eqdf2
                0x000000001c001282                __nedf2
 .text          0x000000001c0012e2       0xae /usr/lib/gap_riscv_toolchain/bin/../lib/gcc/riscv32-unknown-elf/7.1.1/rv32imcxgap8/ilp32/libgcc.a(gedf2.o)
                0x000000001c0012e2                __gtdf2
                0x000000001c0012e2                __gedf2
 .text          0x000000001c001390       0xae /usr/lib/gap_riscv_toolchain/bin/../lib/gcc/riscv32-unknown-elf/7.1.1/rv32imcxgap8/ilp32/libgcc.a(ledf2.o)
                0x000000001c001390                __ltdf2
                0x000000001c001390                __ledf2
 .text          0x000000001c00143e      0x43a /usr/lib/gap_riscv_toolchain/bin/../lib/gcc/riscv32-unknown-elf/7.1.1/rv32imcxgap8/ilp32/libgcc.a(muldf3.o)
                0x000000001c00143e                __muldf3
 .text          0x000000001c001878      0x612 /usr/lib/gap_riscv_toolchain/bin/../lib/gcc/riscv32-unknown-elf/7.1.1/rv32imcxgap8/ilp32/libgcc.a(subdf3.o)
                0x000000001c001878                __subdf3
 .text          0x000000001c001e8a       0x5c /usr/lib/gap_riscv_toolchain/bin/../lib/gcc/riscv32-unknown-elf/7.1.1/rv32imcxgap8/ilp32/libgcc.a(fixdfsi.o)
                0x000000001c001e8a                __fixdfsi
 .text          0x000000001c001ee6       0x52 /usr/lib/gap_riscv_toolchain/bin/../lib/gcc/riscv32-unknown-elf/7.1.1/rv32imcxgap8/ilp32/libgcc.a(fixunsdfsi.o)
                0x000000001c001ee6                __fixunsdfsi
 .text          0x000000001c001f38       0x58 /usr/lib/gap_riscv_toolchain/bin/../lib/gcc/riscv32-unknown-elf/7.1.1/rv32imcxgap8/ilp32/libgcc.a(floatsidf.o)
                0x000000001c001f38                __floatsidf
 .text          0x000000001c001f90       0x4c /usr/lib/gap_riscv_toolchain/bin/../lib/gcc/riscv32-unknown-elf/7.1.1/rv32imcxgap8/ilp32/libgcc.a(floatunsidf.o)
                0x000000001c001f90                __floatunsidf
 *(.text.*)
 .text.pi_task_callback
                0x000000001c001fdc       0x42 /home/bitcraze/projects/IAA_2024/lab3/student/code/gap8/BUILD/GAP8_V2/GCC_RISCV_FREERTOS/iaa_lab3.o
 .text.pi_freq_get
                0x000000001c00201e       0x46 /home/bitcraze/projects/IAA_2024/lab3/student/code/gap8/BUILD/GAP8_V2/GCC_RISCV_FREERTOS/iaa_lab3.o
 .text.__os_native_yield
                0x000000001c002064       0x10 /home/bitcraze/projects/IAA_2024/lab3/student/code/gap8/BUILD/GAP8_V2/GCC_RISCV_FREERTOS/iaa_lab3.o
 .text.pmsis_kickoff
                0x000000001c002074       0x16 /home/bitcraze/projects/IAA_2024/lab3/student/code/gap8/BUILD/GAP8_V2/GCC_RISCV_FREERTOS/iaa_lab3.o
 .text.pi_yield
                0x000000001c00208a        0xe /home/bitcraze/projects/IAA_2024/lab3/student/code/gap8/BUILD/GAP8_V2/GCC_RISCV_FREERTOS/iaa_lab3.o
 .text.sendBufferViaCPXBlocking
                0x000000001c002098       0x6e /home/bitcraze/projects/IAA_2024/lab3/student/code/gap8/BUILD/GAP8_V2/GCC_RISCV_FREERTOS/iaa_lab3.o
                0x000000001c002098                sendBufferViaCPXBlocking
 .text.pi_camera_control
                0x000000001c002106       0x26 /home/bitcraze/projects/IAA_2024/lab3/student/code/gap8/BUILD/GAP8_V2/GCC_RISCV_FREERTOS/iaa_lab3.o
 .text.pi_camera_capture_async
                0x000000001c00212c       0x28 /home/bitcraze/projects/IAA_2024/lab3/student/code/gap8/BUILD/GAP8_V2/GCC_RISCV_FREERTOS/iaa_lab3.o
 .text.pi_camera_reg_set
                0x000000001c002154       0x26 /home/bitcraze/projects/IAA_2024/lab3/student/code/gap8/BUILD/GAP8_V2/GCC_RISCV_FREERTOS/iaa_lab3.o
 .text.pi_camera_reg_get
                0x000000001c00217a       0x26 /home/bitcraze/projects/IAA_2024/lab3/student/code/gap8/BUILD/GAP8_V2/GCC_RISCV_FREERTOS/iaa_lab3.o
 .text.pi_buffer_init
                0x000000001c0021a0       0x20 /home/bitcraze/projects/IAA_2024/lab3/student/code/gap8/BUILD/GAP8_V2/GCC_RISCV_FREERTOS/iaa_lab3.o
 .text.pi_buffer_set_format
                0x000000001c0021c0       0x2a /home/bitcraze/projects/IAA_2024/lab3/student/code/gap8/BUILD/GAP8_V2/GCC_RISCV_FREERTOS/iaa_lab3.o
 .text.start    0x000000001c0021ea       0xd6 /home/bitcraze/projects/IAA_2024/lab3/student/code/gap8/BUILD/GAP8_V2/GCC_RISCV_FREERTOS/iaa_lab3.o
                0x000000001c0021ea                start
 .text.sendToSTM32
                0x000000001c0022c0       0x8a /home/bitcraze/projects/IAA_2024/lab3/student/code/gap8/BUILD/GAP8_V2/GCC_RISCV_FREERTOS/iaa_lab3.o
                0x000000001c0022c0                sendToSTM32
 .text.rx_wifi_task
                0x000000001c00234a       0x84 /home/bitcraze/projects/IAA_2024/lab3/student/code/gap8/BUILD/GAP8_V2/GCC_RISCV_FREERTOS/iaa_lab3.o
                0x000000001c00234a                rx_wifi_task
 .text.createImageHeaderPacket
                0x000000001c0023ce       0x58 /home/bitcraze/projects/IAA_2024/lab3/student/code/gap8/BUILD/GAP8_V2/GCC_RISCV_FREERTOS/iaa_lab3.o
                0x000000001c0023ce                createImageHeaderPacket
 .text.send_image_via_wifi
                0x000000001c002426       0x60 /home/bitcraze/projects/IAA_2024/lab3/student/code/gap8/BUILD/GAP8_V2/GCC_RISCV_FREERTOS/iaa_lab3.o
                0x000000001c002426                send_image_via_wifi
 .text.capture_done_cb
                0x000000001c002486       0x30 /home/bitcraze/projects/IAA_2024/lab3/student/code/gap8/BUILD/GAP8_V2/GCC_RISCV_FREERTOS/iaa_lab3.o
 .text.reshape_img
                0x000000001c0024b6       0x8c /home/bitcraze/projects/IAA_2024/lab3/student/code/gap8/BUILD/GAP8_V2/GCC_RISCV_FREERTOS/iaa_lab3.o
                0x000000001c0024b6                reshape_img
 .text.camera_task
                0x000000001c002542      0x19e /home/bitcraze/projects/IAA_2024/lab3/student/code/gap8/BUILD/GAP8_V2/GCC_RISCV_FREERTOS/iaa_lab3.o
                0x000000001c002542                camera_task
 .text.open_pi_camera_himax
                0x000000001c0026e0       0x96 /home/bitcraze/projects/IAA_2024/lab3/student/code/gap8/BUILD/GAP8_V2/GCC_RISCV_FREERTOS/iaa_lab3.o
                0x000000001c0026e0                open_pi_camera_himax
 .text.main     0x000000001c002776       0x1e /home/bitcraze/projects/IAA_2024/lab3/student/code/gap8/BUILD/GAP8_V2/GCC_RISCV_FREERTOS/iaa_lab3.o
                0x000000001c002776                main
 .text.__os_native_exit
                0x000000001c002794        0xc /home/bitcraze/projects/IAA_2024/lab3/student/code/gap8/BUILD/GAP8_V2/GCC_RISCV_FREERTOS/lib/cpx/src/cpx.o
 .text.pmsis_exit
                0x000000001c0027a0       0x12 /home/bitcraze/projects/IAA_2024/lab3/student/code/gap8/BUILD/GAP8_V2/GCC_RISCV_FREERTOS/lib/cpx/src/cpx.o
 .text.cpx_rx_task
                0x000000001c0027b2      0x124 /home/bitcraze/projects/IAA_2024/lab3/student/code/gap8/BUILD/GAP8_V2/GCC_RISCV_FREERTOS/lib/cpx/src/cpx.o
 .text.cpxEnableFunction
                0x000000001c0028d6       0x2c /home/bitcraze/projects/IAA_2024/lab3/student/code/gap8/BUILD/GAP8_V2/GCC_RISCV_FREERTOS/lib/cpx/src/cpx.o
                0x000000001c0028d6                cpxEnableFunction
 .text.cpxReceivePacketBlocking
                0x000000001c002902       0x38 /home/bitcraze/projects/IAA_2024/lab3/student/code/gap8/BUILD/GAP8_V2/GCC_RISCV_FREERTOS/lib/cpx/src/cpx.o
                0x000000001c002902                cpxReceivePacketBlocking
 .text.cpxSendPacketBlocking
                0x000000001c00293a       0xe0 /home/bitcraze/projects/IAA_2024/lab3/student/code/gap8/BUILD/GAP8_V2/GCC_RISCV_FREERTOS/lib/cpx/src/cpx.o
                0x000000001c00293a                cpxSendPacketBlocking
 .text.cpxPrintToConsole
                0x000000001c002a1a       0xa8 /home/bitcraze/projects/IAA_2024/lab3/student/code/gap8/BUILD/GAP8_V2/GCC_RISCV_FREERTOS/lib/cpx/src/cpx.o
                0x000000001c002a1a                cpxPrintToConsole
 .text.cpxInitRoute
                0x000000001c002ac2       0x2a /home/bitcraze/projects/IAA_2024/lab3/student/code/gap8/BUILD/GAP8_V2/GCC_RISCV_FREERTOS/lib/cpx/src/cpx.o
                0x000000001c002ac2                cpxInitRoute
 .text.cpxInit  0x000000001c002aec       0xa2 /home/bitcraze/projects/IAA_2024/lab3/student/code/gap8/BUILD/GAP8_V2/GCC_RISCV_FREERTOS/lib/cpx/src/cpx.o
                0x000000001c002aec                cpxInit
 .text.pi_gpio_callback_init
                0x000000001c002b8e       0x2e /home/bitcraze/projects/IAA_2024/lab3/student/code/gap8/BUILD/GAP8_V2/GCC_RISCV_FREERTOS/lib/cpx/src/com.o
 .text.__os_native_exit
                0x000000001c002bbc        0xc /home/bitcraze/projects/IAA_2024/lab3/student/code/gap8/BUILD/GAP8_V2/GCC_RISCV_FREERTOS/lib/cpx/src/com.o
 .text.pmsis_exit
                0x000000001c002bc8       0x12 /home/bitcraze/projects/IAA_2024/lab3/student/code/gap8/BUILD/GAP8_V2/GCC_RISCV_FREERTOS/lib/cpx/src/com.o
 .text.vDataReadyISR
                0x000000001c002bda       0x32 /home/bitcraze/projects/IAA_2024/lab3/student/code/gap8/BUILD/GAP8_V2/GCC_RISCV_FREERTOS/lib/cpx/src/com.o
                0x000000001c002bda                vDataReadyISR
 .text.setup_nina_rtt_pin
                0x000000001c002c0c       0x74 /home/bitcraze/projects/IAA_2024/lab3/student/code/gap8/BUILD/GAP8_V2/GCC_RISCV_FREERTOS/lib/cpx/src/com.o
 .text.setup_gap8_rtt_pin
                0x000000001c002c80       0x38 /home/bitcraze/projects/IAA_2024/lab3/student/code/gap8/BUILD/GAP8_V2/GCC_RISCV_FREERTOS/lib/cpx/src/com.o
 .text.set_gap8_rtt_pin
                0x000000001c002cb8       0x22 /home/bitcraze/projects/IAA_2024/lab3/student/code/gap8/BUILD/GAP8_V2/GCC_RISCV_FREERTOS/lib/cpx/src/com.o
                0x000000001c002cb8                set_gap8_rtt_pin
 .text.init_spi
                0x000000001c002cda       0x8e /home/bitcraze/projects/IAA_2024/lab3/student/code/gap8/BUILD/GAP8_V2/GCC_RISCV_FREERTOS/lib/cpx/src/com.o
 .text.com_task
                0x000000001c002d68      0x1ea /home/bitcraze/projects/IAA_2024/lab3/student/code/gap8/BUILD/GAP8_V2/GCC_RISCV_FREERTOS/lib/cpx/src/com.o
                0x000000001c002d68                com_task
 .text.com_init
                0x000000001c002f52       0xb4 /home/bitcraze/projects/IAA_2024/lab3/student/code/gap8/BUILD/GAP8_V2/GCC_RISCV_FREERTOS/lib/cpx/src/com.o
                0x000000001c002f52                com_init
 .text.com_read
                0x000000001c003006       0x20 /home/bitcraze/projects/IAA_2024/lab3/student/code/gap8/BUILD/GAP8_V2/GCC_RISCV_FREERTOS/lib/cpx/src/com.o
                0x000000001c003006                com_read
 .text.com_write
                0x000000001c003026       0x40 /home/bitcraze/projects/IAA_2024/lab3/student/code/gap8/BUILD/GAP8_V2/GCC_RISCV_FREERTOS/lib/cpx/src/com.o
                0x000000001c003026                com_write
 .text.hal_compiler_barrier
                0x000000001c003066        0x4 /home/bitcraze/projects/IAA_2024/lab3/student/code/gap8/BUILD/GAP8_V2/GCC_RISCV_FREERTOS//home/bitcraze/projects/gap_sdk/rtos/freeRTOS/vendors/gwt/gap8/src/device/gap8_it.o
 .text.hal_write32
                0x000000001c00306a       0x1a /home/bitcraze/projects/IAA_2024/lab3/student/code/gap8/BUILD/GAP8_V2/GCC_RISCV_FREERTOS//home/bitcraze/projects/gap_sdk/rtos/freeRTOS/vendors/gwt/gap8/src/device/gap8_it.o
 .text.hal_eu_fc_evt_trig_set
                0x000000001c003084       0x26 /home/bitcraze/projects/IAA_2024/lab3/student/code/gap8/BUILD/GAP8_V2/GCC_RISCV_FREERTOS//home/bitcraze/projects/gap_sdk/rtos/freeRTOS/vendors/gwt/gap8/src/device/gap8_it.o
 .text.__os_native_exit
                0x000000001c0030aa        0xc /home/bitcraze/projects/IAA_2024/lab3/student/code/gap8/BUILD/GAP8_V2/GCC_RISCV_FREERTOS//home/bitcraze/projects/gap_sdk/rtos/freeRTOS/vendors/gwt/gap8/src/device/gap8_it.o
 .text.pmsis_exit
                0x000000001c0030b6       0x12 /home/bitcraze/projects/IAA_2024/lab3/student/code/gap8/BUILD/GAP8_V2/GCC_RISCV_FREERTOS//home/bitcraze/projects/gap_sdk/rtos/freeRTOS/vendors/gwt/gap8/src/device/gap8_it.o
 .text.vSetPendSV
                0x000000001c0030c8       0x12 /home/bitcraze/projects/IAA_2024/lab3/student/code/gap8/BUILD/GAP8_V2/GCC_RISCV_FREERTOS//home/bitcraze/projects/gap_sdk/rtos/freeRTOS/vendors/gwt/gap8/src/device/gap8_it.o
                0x000000001c0030c8                vSetPendSV
 .text._procid  0x000000001c0030da       0x1a /home/bitcraze/projects/IAA_2024/lab3/student/code/gap8/BUILD/GAP8_V2/GCC_RISCV_FREERTOS//home/bitcraze/projects/gap_sdk/rtos/freeRTOS/vendors/gwt/gap8/src/device/gap8_it.o
                0x000000001c0030da                _procid
 .text._clusterid
                0x000000001c0030f4       0x18 /home/bitcraze/projects/IAA_2024/lab3/student/code/gap8/BUILD/GAP8_V2/GCC_RISCV_FREERTOS//home/bitcraze/projects/gap_sdk/rtos/freeRTOS/vendors/gwt/gap8/src/device/gap8_it.o
                0x000000001c0030f4                _clusterid
 .text._isr_default
                0x000000001c00310c       0x1a /home/bitcraze/projects/IAA_2024/lab3/student/code/gap8/BUILD/GAP8_V2/GCC_RISCV_FREERTOS//home/bitcraze/projects/gap_sdk/rtos/freeRTOS/vendors/gwt/gap8/src/device/gap8_it.o
                0x000000001c00310c                _isr_default
 .text._ill_insn_print
                0x000000001c003126       0x14 /home/bitcraze/projects/IAA_2024/lab3/student/code/gap8/BUILD/GAP8_V2/GCC_RISCV_FREERTOS//home/bitcraze/projects/gap_sdk/rtos/freeRTOS/vendors/gwt/gap8/src/device/gap8_it.o
                0x000000001c003126                _ill_insn_print
 .text.__NVIC_EnableIRQ
                0x000000001c00313a       0x26 /home/bitcraze/projects/IAA_2024/lab3/student/code/gap8/BUILD/GAP8_V2/GCC_RISCV_FREERTOS//home/bitcraze/projects/gap_sdk/rtos/freeRTOS/vendors/gwt/gap8/src/device/system_gap8.o
 .text.__native_cluster_id
                0x000000001c003160       0x16 /home/bitcraze/projects/IAA_2024/lab3/student/code/gap8/BUILD/GAP8_V2/GCC_RISCV_FREERTOS//home/bitcraze/projects/gap_sdk/rtos/freeRTOS/vendors/gwt/gap8/src/device/system_gap8.o
 .text.__native_is_fc
                0x000000001c003176       0x1a /home/bitcraze/projects/IAA_2024/lab3/student/code/gap8/BUILD/GAP8_V2/GCC_RISCV_FREERTOS//home/bitcraze/projects/gap_sdk/rtos/freeRTOS/vendors/gwt/gap8/src/device/system_gap8.o
 .text.hal_compiler_barrier
                0x000000001c003190        0x4 /home/bitcraze/projects/IAA_2024/lab3/student/code/gap8/BUILD/GAP8_V2/GCC_RISCV_FREERTOS//home/bitcraze/projects/gap_sdk/rtos/freeRTOS/vendors/gwt/gap8/src/device/system_gap8.o
 .text.hal_write32
                0x000000001c003194       0x1a /home/bitcraze/projects/IAA_2024/lab3/student/code/gap8/BUILD/GAP8_V2/GCC_RISCV_FREERTOS//home/bitcraze/projects/gap_sdk/rtos/freeRTOS/vendors/gwt/gap8/src/device/system_gap8.o
 .text.pi_is_fc
                0x000000001c0031ae       0x10 /home/bitcraze/projects/IAA_2024/lab3/student/code/gap8/BUILD/GAP8_V2/GCC_RISCV_FREERTOS//home/bitcraze/projects/gap_sdk/rtos/freeRTOS/vendors/gwt/gap8/src/device/system_gap8.o
 .text.hal_evt_read32
                0x000000001c0031be       0x16 /home/bitcraze/projects/IAA_2024/lab3/student/code/gap8/BUILD/GAP8_V2/GCC_RISCV_FREERTOS//home/bitcraze/projects/gap_sdk/rtos/freeRTOS/vendors/gwt/gap8/src/device/system_gap8.o
 .text.hal_eu_evt_mask_clr
                0x000000001c0031d4       0x12 /home/bitcraze/projects/IAA_2024/lab3/student/code/gap8/BUILD/GAP8_V2/GCC_RISCV_FREERTOS//home/bitcraze/projects/gap_sdk/rtos/freeRTOS/vendors/gwt/gap8/src/device/system_gap8.o
 .text.hal_eu_evt_wait
                0x000000001c0031e6       0x1a /home/bitcraze/projects/IAA_2024/lab3/student/code/gap8/BUILD/GAP8_V2/GCC_RISCV_FREERTOS//home/bitcraze/projects/gap_sdk/rtos/freeRTOS/vendors/gwt/gap8/src/device/system_gap8.o
 .text.soc_ctrl_corestatus_set
                0x000000001c003200       0x22 /home/bitcraze/projects/IAA_2024/lab3/student/code/gap8/BUILD/GAP8_V2/GCC_RISCV_FREERTOS//home/bitcraze/projects/gap_sdk/rtos/freeRTOS/vendors/gwt/gap8/src/device/system_gap8.o
 .text.__internal_semihost
                0x000000001c003222       0x1e /home/bitcraze/projects/IAA_2024/lab3/student/code/gap8/BUILD/GAP8_V2/GCC_RISCV_FREERTOS//home/bitcraze/projects/gap_sdk/rtos/freeRTOS/vendors/gwt/gap8/src/device/system_gap8.o
 .text.semihost_exit
                0x000000001c003240       0x16 /home/bitcraze/projects/IAA_2024/lab3/student/code/gap8/BUILD/GAP8_V2/GCC_RISCV_FREERTOS//home/bitcraze/projects/gap_sdk/rtos/freeRTOS/vendors/gwt/gap8/src/device/system_gap8.o
 .text.system_init
                0x000000001c003256       0x6e /home/bitcraze/projects/IAA_2024/lab3/student/code/gap8/BUILD/GAP8_V2/GCC_RISCV_FREERTOS//home/bitcraze/projects/gap_sdk/rtos/freeRTOS/vendors/gwt/gap8/src/device/system_gap8.o
                0x000000001c003256                system_init
 .text.system_setup_systick
                0x000000001c0032c4       0x78 /home/bitcraze/projects/IAA_2024/lab3/student/code/gap8/BUILD/GAP8_V2/GCC_RISCV_FREERTOS//home/bitcraze/projects/gap_sdk/rtos/freeRTOS/vendors/gwt/gap8/src/device/system_gap8.o
                0x000000001c0032c4                system_setup_systick
 .text.system_core_clock_update
                0x000000001c00333c       0xdc /home/bitcraze/projects/IAA_2024/lab3/student/code/gap8/BUILD/GAP8_V2/GCC_RISCV_FREERTOS//home/bitcraze/projects/gap_sdk/rtos/freeRTOS/vendors/gwt/gap8/src/device/system_gap8.o
                0x000000001c00333c                system_core_clock_update
 .text.system_setup_timer
                0x000000001c003418       0x62 /home/bitcraze/projects/IAA_2024/lab3/student/code/gap8/BUILD/GAP8_V2/GCC_RISCV_FREERTOS//home/bitcraze/projects/gap_sdk/rtos/freeRTOS/vendors/gwt/gap8/src/device/system_gap8.o
                0x000000001c003418                system_setup_timer
 .text.system_core_clock_get
                0x000000001c00347a        0xc /home/bitcraze/projects/IAA_2024/lab3/student/code/gap8/BUILD/GAP8_V2/GCC_RISCV_FREERTOS//home/bitcraze/projects/gap_sdk/rtos/freeRTOS/vendors/gwt/gap8/src/device/system_gap8.o
                0x000000001c00347a                system_core_clock_get
 .text.system_exit
                0x000000001c003486       0x3a /home/bitcraze/projects/IAA_2024/lab3/student/code/gap8/BUILD/GAP8_V2/GCC_RISCV_FREERTOS//home/bitcraze/projects/gap_sdk/rtos/freeRTOS/vendors/gwt/gap8/src/device/system_gap8.o
                0x000000001c003486                system_exit
 .text.__native_core_id
                0x000000001c0034c0       0x14 /home/bitcraze/projects/IAA_2024/lab3/student/code/gap8/BUILD/GAP8_V2/GCC_RISCV_FREERTOS//home/bitcraze/projects/gap_sdk/rtos/freeRTOS/vendors/gwt/gap8/src/driver/gap_io.o
 .text.__native_cluster_id
                0x000000001c0034d4       0x16 /home/bitcraze/projects/IAA_2024/lab3/student/code/gap8/BUILD/GAP8_V2/GCC_RISCV_FREERTOS//home/bitcraze/projects/gap_sdk/rtos/freeRTOS/vendors/gwt/gap8/src/driver/gap_io.o
 .text.__native_is_fc
                0x000000001c0034ea       0x1a /home/bitcraze/projects/IAA_2024/lab3/student/code/gap8/BUILD/GAP8_V2/GCC_RISCV_FREERTOS//home/bitcraze/projects/gap_sdk/rtos/freeRTOS/vendors/gwt/gap8/src/driver/gap_io.o
 .text.pi_core_id
                0x000000001c003504       0x10 /home/bitcraze/projects/IAA_2024/lab3/student/code/gap8/BUILD/GAP8_V2/GCC_RISCV_FREERTOS//home/bitcraze/projects/gap_sdk/rtos/freeRTOS/vendors/gwt/gap8/src/driver/gap_io.o
 .text.pi_cluster_id
                0x000000001c003514       0x10 /home/bitcraze/projects/IAA_2024/lab3/student/code/gap8/BUILD/GAP8_V2/GCC_RISCV_FREERTOS//home/bitcraze/projects/gap_sdk/rtos/freeRTOS/vendors/gwt/gap8/src/driver/gap_io.o
 .text.pi_task_callback
                0x000000001c003524       0x42 /home/bitcraze/projects/IAA_2024/lab3/student/code/gap8/BUILD/GAP8_V2/GCC_RISCV_FREERTOS//home/bitcraze/projects/gap_sdk/rtos/freeRTOS/vendors/gwt/gap8/src/driver/gap_io.o
 .text.__os_native_exit
                0x000000001c003566        0xa /home/bitcraze/projects/IAA_2024/lab3/student/code/gap8/BUILD/GAP8_V2/GCC_RISCV_FREERTOS//home/bitcraze/projects/gap_sdk/rtos/freeRTOS/vendors/gwt/gap8/src/driver/gap_io.o
 .text.pmsis_exit
                0x000000001c003570       0x12 /home/bitcraze/projects/IAA_2024/lab3/student/code/gap8/BUILD/GAP8_V2/GCC_RISCV_FREERTOS//home/bitcraze/projects/gap_sdk/rtos/freeRTOS/vendors/gwt/gap8/src/driver/gap_io.o
 .text.printf_uart_init
                0x000000001c003582       0x82 /home/bitcraze/projects/IAA_2024/lab3/student/code/gap8/BUILD/GAP8_V2/GCC_RISCV_FREERTOS//home/bitcraze/projects/gap_sdk/rtos/freeRTOS/vendors/gwt/gap8/src/driver/gap_io.o
                0x000000001c003582                printf_uart_init
 .text.__uart_write_exec
                0x000000001c003604       0x4e /home/bitcraze/projects/IAA_2024/lab3/student/code/gap8/BUILD/GAP8_V2/GCC_RISCV_FREERTOS//home/bitcraze/projects/gap_sdk/rtos/freeRTOS/vendors/gwt/gap8/src/driver/gap_io.o
 .text.__uart_putc_cluster_req
                0x000000001c003652       0x20 /home/bitcraze/projects/IAA_2024/lab3/student/code/gap8/BUILD/GAP8_V2/GCC_RISCV_FREERTOS//home/bitcraze/projects/gap_sdk/rtos/freeRTOS/vendors/gwt/gap8/src/driver/gap_io.o
 .text.__uart_putc
                0x000000001c003672      0x14a /home/bitcraze/projects/IAA_2024/lab3/student/code/gap8/BUILD/GAP8_V2/GCC_RISCV_FREERTOS//home/bitcraze/projects/gap_sdk/rtos/freeRTOS/vendors/gwt/gap8/src/driver/gap_io.o
 .text.__uart_printf_flush
                0x000000001c0037bc       0x80 /home/bitcraze/projects/IAA_2024/lab3/student/code/gap8/BUILD/GAP8_V2/GCC_RISCV_FREERTOS//home/bitcraze/projects/gap_sdk/rtos/freeRTOS/vendors/gwt/gap8/src/driver/gap_io.o
 .text.tfp_putc
                0x000000001c00383c       0x26 /home/bitcraze/projects/IAA_2024/lab3/student/code/gap8/BUILD/GAP8_V2/GCC_RISCV_FREERTOS//home/bitcraze/projects/gap_sdk/rtos/freeRTOS/vendors/gwt/gap8/src/driver/gap_io.o
 .text._putchar
                0x000000001c003862       0x1c /home/bitcraze/projects/IAA_2024/lab3/student/code/gap8/BUILD/GAP8_V2/GCC_RISCV_FREERTOS//home/bitcraze/projects/gap_sdk/rtos/freeRTOS/vendors/gwt/gap8/src/driver/gap_io.o
                0x000000001c003862                _putchar
 .text.system_exit_printf_flush
                0x000000001c00387e       0x26 /home/bitcraze/projects/IAA_2024/lab3/student/code/gap8/BUILD/GAP8_V2/GCC_RISCV_FREERTOS//home/bitcraze/projects/gap_sdk/rtos/freeRTOS/vendors/gwt/gap8/src/driver/gap_io.o
                0x000000001c00387e                system_exit_printf_flush
 .text.exit     0x000000001c0038a4        0xe /home/bitcraze/projects/IAA_2024/lab3/student/code/gap8/BUILD/GAP8_V2/GCC_RISCV_FREERTOS//home/bitcraze/projects/gap_sdk/rtos/freeRTOS/vendors/gwt/libs/src/stdlib.o
                0x000000001c0038a4                exit
 .text.memcpy   0x000000001c0038b2       0x3e /home/bitcraze/projects/IAA_2024/lab3/student/code/gap8/BUILD/GAP8_V2/GCC_RISCV_FREERTOS//home/bitcraze/projects/gap_sdk/rtos/freeRTOS/vendors/gwt/libs/src/string.o
                0x000000001c0038b2                memcpy
 .text.memset   0x000000001c0038f0       0x36 /home/bitcraze/projects/IAA_2024/lab3/student/code/gap8/BUILD/GAP8_V2/GCC_RISCV_FREERTOS//home/bitcraze/projects/gap_sdk/rtos/freeRTOS/vendors/gwt/libs/src/string.o
                0x000000001c0038f0                memset
 .text.hal_compiler_barrier
                0x000000001c003926        0x4 /home/bitcraze/projects/IAA_2024/lab3/student/code/gap8/BUILD/GAP8_V2/GCC_RISCV_FREERTOS//home/bitcraze/projects/gap_sdk/rtos/freeRTOS/vendors/gwt/gap8/pmsis/cluster/drivers/cluster_synchronisation/cl_to_fc_delegate.o
 .text.hal_write32
                0x000000001c00392a       0x1a /home/bitcraze/projects/IAA_2024/lab3/student/code/gap8/BUILD/GAP8_V2/GCC_RISCV_FREERTOS//home/bitcraze/projects/gap_sdk/rtos/freeRTOS/vendors/gwt/gap8/pmsis/cluster/drivers/cluster_synchronisation/cl_to_fc_delegate.o
 .text.hal_evt_read32
                0x000000001c003944       0x16 /home/bitcraze/projects/IAA_2024/lab3/student/code/gap8/BUILD/GAP8_V2/GCC_RISCV_FREERTOS//home/bitcraze/projects/gap_sdk/rtos/freeRTOS/vendors/gwt/gap8/pmsis/cluster/drivers/cluster_synchronisation/cl_to_fc_delegate.o
 .text.hal_eu_evt_mask_set
                0x000000001c00395a       0x12 /home/bitcraze/projects/IAA_2024/lab3/student/code/gap8/BUILD/GAP8_V2/GCC_RISCV_FREERTOS//home/bitcraze/projects/gap_sdk/rtos/freeRTOS/vendors/gwt/gap8/pmsis/cluster/drivers/cluster_synchronisation/cl_to_fc_delegate.o
 .text.hal_eu_evt_mask_clr
                0x000000001c00396c       0x12 /home/bitcraze/projects/IAA_2024/lab3/student/code/gap8/BUILD/GAP8_V2/GCC_RISCV_FREERTOS//home/bitcraze/projects/gap_sdk/rtos/freeRTOS/vendors/gwt/gap8/pmsis/cluster/drivers/cluster_synchronisation/cl_to_fc_delegate.o
 .text.hal_eu_evt_wait_and_clr
                0x000000001c00397e       0x1a /home/bitcraze/projects/IAA_2024/lab3/student/code/gap8/BUILD/GAP8_V2/GCC_RISCV_FREERTOS//home/bitcraze/projects/gap_sdk/rtos/freeRTOS/vendors/gwt/gap8/pmsis/cluster/drivers/cluster_synchronisation/cl_to_fc_delegate.o
 .text.hal_eu_evt_mask_wait_and_clr
                0x000000001c003998       0x1c /home/bitcraze/projects/IAA_2024/lab3/student/code/gap8/BUILD/GAP8_V2/GCC_RISCV_FREERTOS//home/bitcraze/projects/gap_sdk/rtos/freeRTOS/vendors/gwt/gap8/pmsis/cluster/drivers/cluster_synchronisation/cl_to_fc_delegate.o
 .text.hal_eu_cluster_evt_trig_set
                0x000000001c0039b4       0x1e /home/bitcraze/projects/IAA_2024/lab3/student/code/gap8/BUILD/GAP8_V2/GCC_RISCV_FREERTOS//home/bitcraze/projects/gap_sdk/rtos/freeRTOS/vendors/gwt/gap8/pmsis/cluster/drivers/cluster_synchronisation/cl_to_fc_delegate.o
 .text.hal_eu_fc_evt_trig_set
                0x000000001c0039d2       0x26 /home/bitcraze/projects/IAA_2024/lab3/student/code/gap8/BUILD/GAP8_V2/GCC_RISCV_FREERTOS//home/bitcraze/projects/gap_sdk/rtos/freeRTOS/vendors/gwt/gap8/pmsis/cluster/drivers/cluster_synchronisation/cl_to_fc_delegate.o
 .text.hal_eu_mutex_lock
                0x000000001c0039f8       0x24 /home/bitcraze/projects/IAA_2024/lab3/student/code/gap8/BUILD/GAP8_V2/GCC_RISCV_FREERTOS//home/bitcraze/projects/gap_sdk/rtos/freeRTOS/vendors/gwt/gap8/pmsis/cluster/drivers/cluster_synchronisation/cl_to_fc_delegate.o
 .text.hal_eu_mutex_unlock
                0x000000001c003a1c       0x1c /home/bitcraze/projects/IAA_2024/lab3/student/code/gap8/BUILD/GAP8_V2/GCC_RISCV_FREERTOS//home/bitcraze/projects/gap_sdk/rtos/freeRTOS/vendors/gwt/gap8/pmsis/cluster/drivers/cluster_synchronisation/cl_to_fc_delegate.o
 .text.pi_task_push
                0x000000001c003a38       0x20 /home/bitcraze/projects/IAA_2024/lab3/student/code/gap8/BUILD/GAP8_V2/GCC_RISCV_FREERTOS//home/bitcraze/projects/gap_sdk/rtos/freeRTOS/vendors/gwt/gap8/pmsis/cluster/drivers/cluster_synchronisation/cl_to_fc_delegate.o
 .text.__os_native_api_disable_irq
                0x000000001c003a58       0x12 /home/bitcraze/projects/IAA_2024/lab3/student/code/gap8/BUILD/GAP8_V2/GCC_RISCV_FREERTOS//home/bitcraze/projects/gap_sdk/rtos/freeRTOS/vendors/gwt/gap8/pmsis/cluster/drivers/cluster_synchronisation/cl_to_fc_delegate.o
 .text.__os_native_api_restore_irq
                0x000000001c003a6a       0x14 /home/bitcraze/projects/IAA_2024/lab3/student/code/gap8/BUILD/GAP8_V2/GCC_RISCV_FREERTOS//home/bitcraze/projects/gap_sdk/rtos/freeRTOS/vendors/gwt/gap8/pmsis/cluster/drivers/cluster_synchronisation/cl_to_fc_delegate.o
 .text.pi_irq_disable
                0x000000001c003a7e       0x12 /home/bitcraze/projects/IAA_2024/lab3/student/code/gap8/BUILD/GAP8_V2/GCC_RISCV_FREERTOS//home/bitcraze/projects/gap_sdk/rtos/freeRTOS/vendors/gwt/gap8/pmsis/cluster/drivers/cluster_synchronisation/cl_to_fc_delegate.o
 .text.pi_irq_restore
                0x000000001c003a90       0x14 /home/bitcraze/projects/IAA_2024/lab3/student/code/gap8/BUILD/GAP8_V2/GCC_RISCV_FREERTOS//home/bitcraze/projects/gap_sdk/rtos/freeRTOS/vendors/gwt/gap8/pmsis/cluster/drivers/cluster_synchronisation/cl_to_fc_delegate.o
 .text.cl_notify_fc_event_handler
                0x000000001c003aa4       0xe8 /home/bitcraze/projects/IAA_2024/lab3/student/code/gap8/BUILD/GAP8_V2/GCC_RISCV_FREERTOS//home/bitcraze/projects/gap_sdk/rtos/freeRTOS/vendors/gwt/gap8/pmsis/cluster/drivers/cluster_synchronisation/cl_to_fc_delegate.o
                0x000000001c003aa4                cl_notify_fc_event_handler
 .text.pi_cl_send_task_to_fc
                0x000000001c003b8c       0x3c /home/bitcraze/projects/IAA_2024/lab3/student/code/gap8/BUILD/GAP8_V2/GCC_RISCV_FREERTOS//home/bitcraze/projects/gap_sdk/rtos/freeRTOS/vendors/gwt/gap8/pmsis/cluster/drivers/cluster_synchronisation/cl_to_fc_delegate.o
                0x000000001c003b8c                pi_cl_send_task_to_fc
 .text.__native_cluster_id
                0x000000001c003bc8       0x16 /home/bitcraze/projects/IAA_2024/lab3/student/code/gap8/BUILD/GAP8_V2/GCC_RISCV_FREERTOS//home/bitcraze/projects/gap_sdk/rtos/freeRTOS/vendors/gwt/gap8/pmsis/cluster/drivers/cluster_synchronisation/fc_to_cl_delegate.o
 .text.hal_compiler_barrier
                0x000000001c003bde        0x4 /home/bitcraze/projects/IAA_2024/lab3/student/code/gap8/BUILD/GAP8_V2/GCC_RISCV_FREERTOS//home/bitcraze/projects/gap_sdk/rtos/freeRTOS/vendors/gwt/gap8/pmsis/cluster/drivers/cluster_synchronisation/fc_to_cl_delegate.o
 .text.cl_sync_test_and_set_lock
                0x000000001c003be2       0x1c /home/bitcraze/projects/IAA_2024/lab3/student/code/gap8/BUILD/GAP8_V2/GCC_RISCV_FREERTOS//home/bitcraze/projects/gap_sdk/rtos/freeRTOS/vendors/gwt/gap8/pmsis/cluster/drivers/cluster_synchronisation/fc_to_cl_delegate.o
 .text.cl_sync_spinlock_take
                0x000000001c003bfe       0x1a /home/bitcraze/projects/IAA_2024/lab3/student/code/gap8/BUILD/GAP8_V2/GCC_RISCV_FREERTOS//home/bitcraze/projects/gap_sdk/rtos/freeRTOS/vendors/gwt/gap8/pmsis/cluster/drivers/cluster_synchronisation/fc_to_cl_delegate.o
 .text.cl_sync_spinlock_release
                0x000000001c003c18       0x1a /home/bitcraze/projects/IAA_2024/lab3/student/code/gap8/BUILD/GAP8_V2/GCC_RISCV_FREERTOS//home/bitcraze/projects/gap_sdk/rtos/freeRTOS/vendors/gwt/gap8/pmsis/cluster/drivers/cluster_synchronisation/fc_to_cl_delegate.o
 .text.cl_task_finish
                0x000000001c003c32       0x3c /home/bitcraze/projects/IAA_2024/lab3/student/code/gap8/BUILD/GAP8_V2/GCC_RISCV_FREERTOS//home/bitcraze/projects/gap_sdk/rtos/freeRTOS/vendors/gwt/gap8/pmsis/cluster/drivers/cluster_synchronisation/fc_to_cl_delegate.o
                0x000000001c003c32                cl_task_finish
 .text.cl_pop_cluster_task
                0x000000001c003c6e       0x7a /home/bitcraze/projects/IAA_2024/lab3/student/code/gap8/BUILD/GAP8_V2/GCC_RISCV_FREERTOS//home/bitcraze/projects/gap_sdk/rtos/freeRTOS/vendors/gwt/gap8/pmsis/cluster/drivers/cluster_synchronisation/fc_to_cl_delegate.o
 .text.hal_compiler_barrier
                0x000000001c003ce8        0x4 /home/bitcraze/projects/IAA_2024/lab3/student/code/gap8/BUILD/GAP8_V2/GCC_RISCV_FREERTOS//home/bitcraze/projects/gap_sdk/rtos/freeRTOS/vendors/gwt/gap8/pmsis/cluster/drivers/dma/cl_dma_irq.o
 .text.hal_write32
                0x000000001c003cec       0x1a /home/bitcraze/projects/IAA_2024/lab3/student/code/gap8/BUILD/GAP8_V2/GCC_RISCV_FREERTOS//home/bitcraze/projects/gap_sdk/rtos/freeRTOS/vendors/gwt/gap8/pmsis/cluster/drivers/dma/cl_dma_irq.o
 .text.hal_read32
                0x000000001c003d06       0x1a /home/bitcraze/projects/IAA_2024/lab3/student/code/gap8/BUILD/GAP8_V2/GCC_RISCV_FREERTOS//home/bitcraze/projects/gap_sdk/rtos/freeRTOS/vendors/gwt/gap8/pmsis/cluster/drivers/dma/cl_dma_irq.o
 .text.hal_eu_cluster_evt_trig_set
                0x000000001c003d20       0x1e /home/bitcraze/projects/IAA_2024/lab3/student/code/gap8/BUILD/GAP8_V2/GCC_RISCV_FREERTOS//home/bitcraze/projects/gap_sdk/rtos/freeRTOS/vendors/gwt/gap8/pmsis/cluster/drivers/dma/cl_dma_irq.o
 .text.cl_dma_cmd_set
                0x000000001c003d3e       0x1e /home/bitcraze/projects/IAA_2024/lab3/student/code/gap8/BUILD/GAP8_V2/GCC_RISCV_FREERTOS//home/bitcraze/projects/gap_sdk/rtos/freeRTOS/vendors/gwt/gap8/pmsis/cluster/drivers/dma/cl_dma_irq.o
 .text.cl_dma_cmd_get
                0x000000001c003d5c       0x18 /home/bitcraze/projects/IAA_2024/lab3/student/code/gap8/BUILD/GAP8_V2/GCC_RISCV_FREERTOS//home/bitcraze/projects/gap_sdk/rtos/freeRTOS/vendors/gwt/gap8/pmsis/cluster/drivers/dma/cl_dma_irq.o
 .text.cl_dma_status_set
                0x000000001c003d74       0x1e /home/bitcraze/projects/IAA_2024/lab3/student/code/gap8/BUILD/GAP8_V2/GCC_RISCV_FREERTOS//home/bitcraze/projects/gap_sdk/rtos/freeRTOS/vendors/gwt/gap8/pmsis/cluster/drivers/dma/cl_dma_irq.o
 .text.hal_cl_dma_tid_get
                0x000000001c003d92       0x14 /home/bitcraze/projects/IAA_2024/lab3/student/code/gap8/BUILD/GAP8_V2/GCC_RISCV_FREERTOS//home/bitcraze/projects/gap_sdk/rtos/freeRTOS/vendors/gwt/gap8/pmsis/cluster/drivers/dma/cl_dma_irq.o
 .text.hal_cl_dma_1d_transfer_push
                0x000000001c003da6       0x1e /home/bitcraze/projects/IAA_2024/lab3/student/code/gap8/BUILD/GAP8_V2/GCC_RISCV_FREERTOS//home/bitcraze/projects/gap_sdk/rtos/freeRTOS/vendors/gwt/gap8/pmsis/cluster/drivers/dma/cl_dma_irq.o
 .text.hal_cl_dma_tid_free
                0x000000001c003dc4       0x20 /home/bitcraze/projects/IAA_2024/lab3/student/code/gap8/BUILD/GAP8_V2/GCC_RISCV_FREERTOS//home/bitcraze/projects/gap_sdk/rtos/freeRTOS/vendors/gwt/gap8/pmsis/cluster/drivers/dma/cl_dma_irq.o
 .text.pi_cl_dma_2d_handler
                0x000000001c003de4       0xca /home/bitcraze/projects/IAA_2024/lab3/student/code/gap8/BUILD/GAP8_V2/GCC_RISCV_FREERTOS//home/bitcraze/projects/gap_sdk/rtos/freeRTOS/vendors/gwt/gap8/pmsis/cluster/drivers/dma/cl_dma_irq.o
                0x000000001c003de4                pi_cl_dma_2d_handler
 .text.__NVIC_EnableIRQ
                0x000000001c003eae       0x26 /home/bitcraze/projects/IAA_2024/lab3/student/code/gap8/BUILD/GAP8_V2/GCC_RISCV_FREERTOS//home/bitcraze/projects/gap_sdk/rtos/freeRTOS/vendors/gwt/gap8/pmsis/drivers/fc_event/fc_event.o
 .text.hal_compiler_barrier
                0x000000001c003ed4        0x4 /home/bitcraze/projects/IAA_2024/lab3/student/code/gap8/BUILD/GAP8_V2/GCC_RISCV_FREERTOS//home/bitcraze/projects/gap_sdk/rtos/freeRTOS/vendors/gwt/gap8/pmsis/drivers/fc_event/fc_event.o
 .text.hal_write32
                0x000000001c003ed8       0x1a /home/bitcraze/projects/IAA_2024/lab3/student/code/gap8/BUILD/GAP8_V2/GCC_RISCV_FREERTOS//home/bitcraze/projects/gap_sdk/rtos/freeRTOS/vendors/gwt/gap8/pmsis/drivers/fc_event/fc_event.o
 .text.hal_read32
                0x000000001c003ef2       0x1a /home/bitcraze/projects/IAA_2024/lab3/student/code/gap8/BUILD/GAP8_V2/GCC_RISCV_FREERTOS//home/bitcraze/projects/gap_sdk/rtos/freeRTOS/vendors/gwt/gap8/pmsis/drivers/fc_event/fc_event.o
 .text.hal_eu_fc_evt_demux_trig_set
                0x000000001c003f0c       0x26 /home/bitcraze/projects/IAA_2024/lab3/student/code/gap8/BUILD/GAP8_V2/GCC_RISCV_FREERTOS//home/bitcraze/projects/gap_sdk/rtos/freeRTOS/vendors/gwt/gap8/pmsis/drivers/fc_event/fc_event.o
 .text.fc_event_null_event
                0x000000001c003f32        0xa /home/bitcraze/projects/IAA_2024/lab3/student/code/gap8/BUILD/GAP8_V2/GCC_RISCV_FREERTOS//home/bitcraze/projects/gap_sdk/rtos/freeRTOS/vendors/gwt/gap8/pmsis/drivers/fc_event/fc_event.o
 .text.pi_fc_event_handler_init
                0x000000001c003f3c       0x2c /home/bitcraze/projects/IAA_2024/lab3/student/code/gap8/BUILD/GAP8_V2/GCC_RISCV_FREERTOS//home/bitcraze/projects/gap_sdk/rtos/freeRTOS/vendors/gwt/gap8/pmsis/drivers/fc_event/fc_event.o
                0x000000001c003f3c                pi_fc_event_handler_init
 .text.pi_fc_event_handler_set
                0x000000001c003f68       0x1e /home/bitcraze/projects/IAA_2024/lab3/student/code/gap8/BUILD/GAP8_V2/GCC_RISCV_FREERTOS//home/bitcraze/projects/gap_sdk/rtos/freeRTOS/vendors/gwt/gap8/pmsis/drivers/fc_event/fc_event.o
                0x000000001c003f68                pi_fc_event_handler_set
 .text.pi_fc_event_handler_clear
                0x000000001c003f86       0x22 /home/bitcraze/projects/IAA_2024/lab3/student/code/gap8/BUILD/GAP8_V2/GCC_RISCV_FREERTOS//home/bitcraze/projects/gap_sdk/rtos/freeRTOS/vendors/gwt/gap8/pmsis/drivers/fc_event/fc_event.o
                0x000000001c003f86                pi_fc_event_handler_clear
 .text.hal_compiler_barrier
                0x000000001c003fa8        0x4 /home/bitcraze/projects/IAA_2024/lab3/student/code/gap8/BUILD/GAP8_V2/GCC_RISCV_FREERTOS//home/bitcraze/projects/gap_sdk/rtos/freeRTOS/vendors/gwt/gap8/pmsis/drivers/fll/fll.o
 .text.hal_write32
                0x000000001c003fac       0x1a /home/bitcraze/projects/IAA_2024/lab3/student/code/gap8/BUILD/GAP8_V2/GCC_RISCV_FREERTOS//home/bitcraze/projects/gap_sdk/rtos/freeRTOS/vendors/gwt/gap8/pmsis/drivers/fll/fll.o
 .text.hal_read32
                0x000000001c003fc6       0x1a /home/bitcraze/projects/IAA_2024/lab3/student/code/gap8/BUILD/GAP8_V2/GCC_RISCV_FREERTOS//home/bitcraze/projects/gap_sdk/rtos/freeRTOS/vendors/gwt/gap8/pmsis/drivers/fll/fll.o
 .text.fll_ctrl_status_get
                0x000000001c003fe0       0x16 /home/bitcraze/projects/IAA_2024/lab3/student/code/gap8/BUILD/GAP8_V2/GCC_RISCV_FREERTOS//home/bitcraze/projects/gap_sdk/rtos/freeRTOS/vendors/gwt/gap8/pmsis/drivers/fll/fll.o
 .text.fll_ctrl_conf1_get
                0x000000001c003ff6       0x18 /home/bitcraze/projects/IAA_2024/lab3/student/code/gap8/BUILD/GAP8_V2/GCC_RISCV_FREERTOS//home/bitcraze/projects/gap_sdk/rtos/freeRTOS/vendors/gwt/gap8/pmsis/drivers/fll/fll.o
 .text.fll_ctrl_conf1_set
                0x000000001c00400e       0x1a /home/bitcraze/projects/IAA_2024/lab3/student/code/gap8/BUILD/GAP8_V2/GCC_RISCV_FREERTOS//home/bitcraze/projects/gap_sdk/rtos/freeRTOS/vendors/gwt/gap8/pmsis/drivers/fll/fll.o
 .text.fll_ctrl_conf2_set
                0x000000001c004028       0x1a /home/bitcraze/projects/IAA_2024/lab3/student/code/gap8/BUILD/GAP8_V2/GCC_RISCV_FREERTOS//home/bitcraze/projects/gap_sdk/rtos/freeRTOS/vendors/gwt/gap8/pmsis/drivers/fll/fll.o
 .text.fll_ctrl_integrator_set
                0x000000001c004042       0x1a /home/bitcraze/projects/IAA_2024/lab3/student/code/gap8/BUILD/GAP8_V2/GCC_RISCV_FREERTOS//home/bitcraze/projects/gap_sdk/rtos/freeRTOS/vendors/gwt/gap8/pmsis/drivers/fll/fll.o
 .text.hal_fll_status_mult_factor_get
                0x000000001c00405c       0x30 /home/bitcraze/projects/IAA_2024/lab3/student/code/gap8/BUILD/GAP8_V2/GCC_RISCV_FREERTOS//home/bitcraze/projects/gap_sdk/rtos/freeRTOS/vendors/gwt/gap8/pmsis/drivers/fll/fll.o
 .text.hal_fll_conf1_get
                0x000000001c00408c       0x28 /home/bitcraze/projects/IAA_2024/lab3/student/code/gap8/BUILD/GAP8_V2/GCC_RISCV_FREERTOS//home/bitcraze/projects/gap_sdk/rtos/freeRTOS/vendors/gwt/gap8/pmsis/drivers/fll/fll.o
 .text.hal_fll_conf1_mask_set
                0x000000001c0040b4       0x2a /home/bitcraze/projects/IAA_2024/lab3/student/code/gap8/BUILD/GAP8_V2/GCC_RISCV_FREERTOS//home/bitcraze/projects/gap_sdk/rtos/freeRTOS/vendors/gwt/gap8/pmsis/drivers/fll/fll.o
 .text.hal_fll_conf1_div_get
                0x000000001c0040de       0x2c /home/bitcraze/projects/IAA_2024/lab3/student/code/gap8/BUILD/GAP8_V2/GCC_RISCV_FREERTOS//home/bitcraze/projects/gap_sdk/rtos/freeRTOS/vendors/gwt/gap8/pmsis/drivers/fll/fll.o
 .text.hal_fll_conf2_mask_set
                0x000000001c00410a       0x2a /home/bitcraze/projects/IAA_2024/lab3/student/code/gap8/BUILD/GAP8_V2/GCC_RISCV_FREERTOS//home/bitcraze/projects/gap_sdk/rtos/freeRTOS/vendors/gwt/gap8/pmsis/drivers/fll/fll.o
 .text.hal_fll_integrator_set
                0x000000001c004134       0x2a /home/bitcraze/projects/IAA_2024/lab3/student/code/gap8/BUILD/GAP8_V2/GCC_RISCV_FREERTOS//home/bitcraze/projects/gap_sdk/rtos/freeRTOS/vendors/gwt/gap8/pmsis/drivers/fll/fll.o
 .text.__pi_fll_mult_div_from_frequency_get
                0x000000001c00415e       0x56 /home/bitcraze/projects/IAA_2024/lab3/student/code/gap8/BUILD/GAP8_V2/GCC_RISCV_FREERTOS//home/bitcraze/projects/gap_sdk/rtos/freeRTOS/vendors/gwt/gap8/pmsis/drivers/fll/fll.o
 .text.__pi_fll_frequency_from_mult_div_get
                0x000000001c0041b4       0x22 /home/bitcraze/projects/IAA_2024/lab3/student/code/gap8/BUILD/GAP8_V2/GCC_RISCV_FREERTOS//home/bitcraze/projects/gap_sdk/rtos/freeRTOS/vendors/gwt/gap8/pmsis/drivers/fll/fll.o
 .text.pi_fll_init
                0x000000001c0041d6       0xcc /home/bitcraze/projects/IAA_2024/lab3/student/code/gap8/BUILD/GAP8_V2/GCC_RISCV_FREERTOS//home/bitcraze/projects/gap_sdk/rtos/freeRTOS/vendors/gwt/gap8/pmsis/drivers/fll/fll.o
                0x000000001c0041d6                pi_fll_init
 .text.pi_fll_frequency_set
                0x000000001c0042a2       0xd0 /home/bitcraze/projects/IAA_2024/lab3/student/code/gap8/BUILD/GAP8_V2/GCC_RISCV_FREERTOS//home/bitcraze/projects/gap_sdk/rtos/freeRTOS/vendors/gwt/gap8/pmsis/drivers/fll/fll.o
                0x000000001c0042a2                pi_fll_frequency_set
 .text.pi_fll_frequency_get
                0x000000001c004372       0x70 /home/bitcraze/projects/IAA_2024/lab3/student/code/gap8/BUILD/GAP8_V2/GCC_RISCV_FREERTOS//home/bitcraze/projects/gap_sdk/rtos/freeRTOS/vendors/gwt/gap8/pmsis/drivers/fll/fll.o
                0x000000001c004372                pi_fll_frequency_get
 .text.pi_freq_callback_add
                0x000000001c0043e2       0x4c /home/bitcraze/projects/IAA_2024/lab3/student/code/gap8/BUILD/GAP8_V2/GCC_RISCV_FREERTOS//home/bitcraze/projects/gap_sdk/rtos/freeRTOS/vendors/gwt/gap8/pmsis/drivers/fll/fll.o
                0x000000001c0043e2                pi_freq_callback_add
 .text.pi_freq_callback_remove
                0x000000001c00442e       0x9e /home/bitcraze/projects/IAA_2024/lab3/student/code/gap8/BUILD/GAP8_V2/GCC_RISCV_FREERTOS//home/bitcraze/projects/gap_sdk/rtos/freeRTOS/vendors/gwt/gap8/pmsis/drivers/fll/fll.o
                0x000000001c00442e                pi_freq_callback_remove
 .text.pi_freq_callback_exec
                0x000000001c0044cc       0x2e /home/bitcraze/projects/IAA_2024/lab3/student/code/gap8/BUILD/GAP8_V2/GCC_RISCV_FREERTOS//home/bitcraze/projects/gap_sdk/rtos/freeRTOS/vendors/gwt/gap8/pmsis/drivers/fll/fll.o
                0x000000001c0044cc                pi_freq_callback_exec
 .text.hal_compiler_barrier
                0x000000001c0044fa        0x4 /home/bitcraze/projects/IAA_2024/lab3/student/code/gap8/BUILD/GAP8_V2/GCC_RISCV_FREERTOS//home/bitcraze/projects/gap_sdk/rtos/freeRTOS/vendors/gwt/gap8/pmsis/drivers/gpio/gpio.o
 .text.hal_write32
                0x000000001c0044fe       0x1a /home/bitcraze/projects/IAA_2024/lab3/student/code/gap8/BUILD/GAP8_V2/GCC_RISCV_FREERTOS//home/bitcraze/projects/gap_sdk/rtos/freeRTOS/vendors/gwt/gap8/pmsis/drivers/gpio/gpio.o
 .text.hal_read32
                0x000000001c004518       0x1a /home/bitcraze/projects/IAA_2024/lab3/student/code/gap8/BUILD/GAP8_V2/GCC_RISCV_FREERTOS//home/bitcraze/projects/gap_sdk/rtos/freeRTOS/vendors/gwt/gap8/pmsis/drivers/gpio/gpio.o
 .text.gpio_paddir_set
                0x000000001c004532       0x16 /home/bitcraze/projects/IAA_2024/lab3/student/code/gap8/BUILD/GAP8_V2/GCC_RISCV_FREERTOS//home/bitcraze/projects/gap_sdk/rtos/freeRTOS/vendors/gwt/gap8/pmsis/drivers/gpio/gpio.o
 .text.gpio_paddir_get
                0x000000001c004548       0x14 /home/bitcraze/projects/IAA_2024/lab3/student/code/gap8/BUILD/GAP8_V2/GCC_RISCV_FREERTOS//home/bitcraze/projects/gap_sdk/rtos/freeRTOS/vendors/gwt/gap8/pmsis/drivers/gpio/gpio.o
 .text.gpio_padin_get
                0x000000001c00455c       0x18 /home/bitcraze/projects/IAA_2024/lab3/student/code/gap8/BUILD/GAP8_V2/GCC_RISCV_FREERTOS//home/bitcraze/projects/gap_sdk/rtos/freeRTOS/vendors/gwt/gap8/pmsis/drivers/gpio/gpio.o
 .text.gpio_padout_set
                0x000000001c004574       0x1a /home/bitcraze/projects/IAA_2024/lab3/student/code/gap8/BUILD/GAP8_V2/GCC_RISCV_FREERTOS//home/bitcraze/projects/gap_sdk/rtos/freeRTOS/vendors/gwt/gap8/pmsis/drivers/gpio/gpio.o
 .text.gpio_padout_get
                0x000000001c00458e       0x18 /home/bitcraze/projects/IAA_2024/lab3/student/code/gap8/BUILD/GAP8_V2/GCC_RISCV_FREERTOS//home/bitcraze/projects/gap_sdk/rtos/freeRTOS/vendors/gwt/gap8/pmsis/drivers/gpio/gpio.o
 .text.gpio_inten_set
                0x000000001c0045a6       0x1a /home/bitcraze/projects/IAA_2024/lab3/student/code/gap8/BUILD/GAP8_V2/GCC_RISCV_FREERTOS//home/bitcraze/projects/gap_sdk/rtos/freeRTOS/vendors/gwt/gap8/pmsis/drivers/gpio/gpio.o
 .text.gpio_inten_get
                0x000000001c0045c0       0x18 /home/bitcraze/projects/IAA_2024/lab3/student/code/gap8/BUILD/GAP8_V2/GCC_RISCV_FREERTOS//home/bitcraze/projects/gap_sdk/rtos/freeRTOS/vendors/gwt/gap8/pmsis/drivers/gpio/gpio.o
 .text.gpio_inttype_set
                0x000000001c0045d8       0x2a /home/bitcraze/projects/IAA_2024/lab3/student/code/gap8/BUILD/GAP8_V2/GCC_RISCV_FREERTOS//home/bitcraze/projects/gap_sdk/rtos/freeRTOS/vendors/gwt/gap8/pmsis/drivers/gpio/gpio.o
 .text.gpio_inttype_get
                0x000000001c004602       0x28 /home/bitcraze/projects/IAA_2024/lab3/student/code/gap8/BUILD/GAP8_V2/GCC_RISCV_FREERTOS//home/bitcraze/projects/gap_sdk/rtos/freeRTOS/vendors/gwt/gap8/pmsis/drivers/gpio/gpio.o
 .text.gpio_intstatus_get
                0x000000001c00462a       0x18 /home/bitcraze/projects/IAA_2024/lab3/student/code/gap8/BUILD/GAP8_V2/GCC_RISCV_FREERTOS//home/bitcraze/projects/gap_sdk/rtos/freeRTOS/vendors/gwt/gap8/pmsis/drivers/gpio/gpio.o
 .text.gpio_gpioen_set
                0x000000001c004642       0x1c /home/bitcraze/projects/IAA_2024/lab3/student/code/gap8/BUILD/GAP8_V2/GCC_RISCV_FREERTOS//home/bitcraze/projects/gap_sdk/rtos/freeRTOS/vendors/gwt/gap8/pmsis/drivers/gpio/gpio.o
 .text.gpio_gpioen_get
                0x000000001c00465e       0x1a /home/bitcraze/projects/IAA_2024/lab3/student/code/gap8/BUILD/GAP8_V2/GCC_RISCV_FREERTOS//home/bitcraze/projects/gap_sdk/rtos/freeRTOS/vendors/gwt/gap8/pmsis/drivers/gpio/gpio.o
 .text.gpio_padcfg_set
                0x000000001c004678       0x2e /home/bitcraze/projects/IAA_2024/lab3/student/code/gap8/BUILD/GAP8_V2/GCC_RISCV_FREERTOS//home/bitcraze/projects/gap_sdk/rtos/freeRTOS/vendors/gwt/gap8/pmsis/drivers/gpio/gpio.o
 .text.gpio_padcfg_get
                0x000000001c0046a6       0x2c /home/bitcraze/projects/IAA_2024/lab3/student/code/gap8/BUILD/GAP8_V2/GCC_RISCV_FREERTOS//home/bitcraze/projects/gap_sdk/rtos/freeRTOS/vendors/gwt/gap8/pmsis/drivers/gpio/gpio.o
 .text.hal_gpio_pin_direction_set
                0x000000001c0046d2       0x4e /home/bitcraze/projects/IAA_2024/lab3/student/code/gap8/BUILD/GAP8_V2/GCC_RISCV_FREERTOS//home/bitcraze/projects/gap_sdk/rtos/freeRTOS/vendors/gwt/gap8/pmsis/drivers/gpio/gpio.o
 .text.hal_gpio_pin_input_value_get
                0x000000001c004720       0x32 /home/bitcraze/projects/IAA_2024/lab3/student/code/gap8/BUILD/GAP8_V2/GCC_RISCV_FREERTOS//home/bitcraze/projects/gap_sdk/rtos/freeRTOS/vendors/gwt/gap8/pmsis/drivers/gpio/gpio.o
 .text.hal_gpio_pin_output_value_set
                0x000000001c004752       0x4e /home/bitcraze/projects/IAA_2024/lab3/student/code/gap8/BUILD/GAP8_V2/GCC_RISCV_FREERTOS//home/bitcraze/projects/gap_sdk/rtos/freeRTOS/vendors/gwt/gap8/pmsis/drivers/gpio/gpio.o
 .text.hal_gpio_pin_output_value_get
                0x000000001c0047a0       0x32 /home/bitcraze/projects/IAA_2024/lab3/student/code/gap8/BUILD/GAP8_V2/GCC_RISCV_FREERTOS//home/bitcraze/projects/gap_sdk/rtos/freeRTOS/vendors/gwt/gap8/pmsis/drivers/gpio/gpio.o
 .text.hal_gpio_pin_irq_set
                0x000000001c0047d2       0x4e /home/bitcraze/projects/IAA_2024/lab3/student/code/gap8/BUILD/GAP8_V2/GCC_RISCV_FREERTOS//home/bitcraze/projects/gap_sdk/rtos/freeRTOS/vendors/gwt/gap8/pmsis/drivers/gpio/gpio.o
 .text.hal_gpio_pin_irq_type_set
                0x000000001c004820       0x72 /home/bitcraze/projects/IAA_2024/lab3/student/code/gap8/BUILD/GAP8_V2/GCC_RISCV_FREERTOS//home/bitcraze/projects/gap_sdk/rtos/freeRTOS/vendors/gwt/gap8/pmsis/drivers/gpio/gpio.o
 .text.hal_gpio_irq_status_get
                0x000000001c004892       0x12 /home/bitcraze/projects/IAA_2024/lab3/student/code/gap8/BUILD/GAP8_V2/GCC_RISCV_FREERTOS//home/bitcraze/projects/gap_sdk/rtos/freeRTOS/vendors/gwt/gap8/pmsis/drivers/gpio/gpio.o
 .text.hal_gpio_pin_enable
                0x000000001c0048a4       0x4e /home/bitcraze/projects/IAA_2024/lab3/student/code/gap8/BUILD/GAP8_V2/GCC_RISCV_FREERTOS//home/bitcraze/projects/gap_sdk/rtos/freeRTOS/vendors/gwt/gap8/pmsis/drivers/gpio/gpio.o
 .text.hal_gpio_pin_config_set
                0x000000001c0048f2       0x84 /home/bitcraze/projects/IAA_2024/lab3/student/code/gap8/BUILD/GAP8_V2/GCC_RISCV_FREERTOS//home/bitcraze/projects/gap_sdk/rtos/freeRTOS/vendors/gwt/gap8/pmsis/drivers/gpio/gpio.o
 .text.hal_soc_eu_set_fc_mask
                0x000000001c004976       0x5a /home/bitcraze/projects/IAA_2024/lab3/student/code/gap8/BUILD/GAP8_V2/GCC_RISCV_FREERTOS//home/bitcraze/projects/gap_sdk/rtos/freeRTOS/vendors/gwt/gap8/pmsis/drivers/gpio/gpio.o
 .text.__pi_irq_handle_end_of_task
                0x000000001c0049d0       0x26 /home/bitcraze/projects/IAA_2024/lab3/student/code/gap8/BUILD/GAP8_V2/GCC_RISCV_FREERTOS//home/bitcraze/projects/gap_sdk/rtos/freeRTOS/vendors/gwt/gap8/pmsis/drivers/gpio/gpio.o
 .text.pi_task_push
                0x000000001c0049f6       0x20 /home/bitcraze/projects/IAA_2024/lab3/student/code/gap8/BUILD/GAP8_V2/GCC_RISCV_FREERTOS//home/bitcraze/projects/gap_sdk/rtos/freeRTOS/vendors/gwt/gap8/pmsis/drivers/gpio/gpio.o
 .text.__os_native_api_disable_irq
                0x000000001c004a16       0x12 /home/bitcraze/projects/IAA_2024/lab3/student/code/gap8/BUILD/GAP8_V2/GCC_RISCV_FREERTOS//home/bitcraze/projects/gap_sdk/rtos/freeRTOS/vendors/gwt/gap8/pmsis/drivers/gpio/gpio.o
 .text.__os_native_api_restore_irq
                0x000000001c004a28       0x14 /home/bitcraze/projects/IAA_2024/lab3/student/code/gap8/BUILD/GAP8_V2/GCC_RISCV_FREERTOS//home/bitcraze/projects/gap_sdk/rtos/freeRTOS/vendors/gwt/gap8/pmsis/drivers/gpio/gpio.o
 .text.pi_irq_disable
                0x000000001c004a3c       0x14 /home/bitcraze/projects/IAA_2024/lab3/student/code/gap8/BUILD/GAP8_V2/GCC_RISCV_FREERTOS//home/bitcraze/projects/gap_sdk/rtos/freeRTOS/vendors/gwt/gap8/pmsis/drivers/gpio/gpio.o
 .text.pi_irq_restore
                0x000000001c004a50       0x16 /home/bitcraze/projects/IAA_2024/lab3/student/code/gap8/BUILD/GAP8_V2/GCC_RISCV_FREERTOS//home/bitcraze/projects/gap_sdk/rtos/freeRTOS/vendors/gwt/gap8/pmsis/drivers/gpio/gpio.o
 .text.__pi_gpio_callback_add
                0x000000001c004a66       0x40 /home/bitcraze/projects/IAA_2024/lab3/student/code/gap8/BUILD/GAP8_V2/GCC_RISCV_FREERTOS//home/bitcraze/projects/gap_sdk/rtos/freeRTOS/vendors/gwt/gap8/pmsis/drivers/gpio/gpio.o
 .text.__pi_gpio_callback_fire
                0x000000001c004aa6       0x3c /home/bitcraze/projects/IAA_2024/lab3/student/code/gap8/BUILD/GAP8_V2/GCC_RISCV_FREERTOS//home/bitcraze/projects/gap_sdk/rtos/freeRTOS/vendors/gwt/gap8/pmsis/drivers/gpio/gpio.o
 .text.gpio_handler
                0x000000001c004ae2       0x80 /home/bitcraze/projects/IAA_2024/lab3/student/code/gap8/BUILD/GAP8_V2/GCC_RISCV_FREERTOS//home/bitcraze/projects/gap_sdk/rtos/freeRTOS/vendors/gwt/gap8/pmsis/drivers/gpio/gpio.o
 .text.pi_gpio_conf_init
                0x000000001c004b62       0x16 /home/bitcraze/projects/IAA_2024/lab3/student/code/gap8/BUILD/GAP8_V2/GCC_RISCV_FREERTOS//home/bitcraze/projects/gap_sdk/rtos/freeRTOS/vendors/gwt/gap8/pmsis/drivers/gpio/gpio.o
                0x000000001c004b62                pi_gpio_conf_init
 .text.pi_gpio_open
                0x000000001c004b78       0xee /home/bitcraze/projects/IAA_2024/lab3/student/code/gap8/BUILD/GAP8_V2/GCC_RISCV_FREERTOS//home/bitcraze/projects/gap_sdk/rtos/freeRTOS/vendors/gwt/gap8/pmsis/drivers/gpio/gpio.o
                0x000000001c004b78                pi_gpio_open
 .text.pi_gpio_pin_configure
                0x000000001c004c66       0xfa /home/bitcraze/projects/IAA_2024/lab3/student/code/gap8/BUILD/GAP8_V2/GCC_RISCV_FREERTOS//home/bitcraze/projects/gap_sdk/rtos/freeRTOS/vendors/gwt/gap8/pmsis/drivers/gpio/gpio.o
                0x000000001c004c66                pi_gpio_pin_configure
 .text.pi_gpio_pin_write
                0x000000001c004d60       0x5e /home/bitcraze/projects/IAA_2024/lab3/student/code/gap8/BUILD/GAP8_V2/GCC_RISCV_FREERTOS//home/bitcraze/projects/gap_sdk/rtos/freeRTOS/vendors/gwt/gap8/pmsis/drivers/gpio/gpio.o
                0x000000001c004d60                pi_gpio_pin_write
 .text.pi_gpio_pin_read
                0x000000001c004dbe       0x86 /home/bitcraze/projects/IAA_2024/lab3/student/code/gap8/BUILD/GAP8_V2/GCC_RISCV_FREERTOS//home/bitcraze/projects/gap_sdk/rtos/freeRTOS/vendors/gwt/gap8/pmsis/drivers/gpio/gpio.o
                0x000000001c004dbe                pi_gpio_pin_read
 .text.pi_gpio_pin_notif_configure
                0x000000001c004e44       0x7a /home/bitcraze/projects/IAA_2024/lab3/student/code/gap8/BUILD/GAP8_V2/GCC_RISCV_FREERTOS//home/bitcraze/projects/gap_sdk/rtos/freeRTOS/vendors/gwt/gap8/pmsis/drivers/gpio/gpio.o
                0x000000001c004e44                pi_gpio_pin_notif_configure
 .text.pi_gpio_callback_add
                0x000000001c004ebe       0x20 /home/bitcraze/projects/IAA_2024/lab3/student/code/gap8/BUILD/GAP8_V2/GCC_RISCV_FREERTOS//home/bitcraze/projects/gap_sdk/rtos/freeRTOS/vendors/gwt/gap8/pmsis/drivers/gpio/gpio.o
                0x000000001c004ebe                pi_gpio_callback_add
 .text.hal_compiler_barrier
                0x000000001c004ede        0x4 /home/bitcraze/projects/IAA_2024/lab3/student/code/gap8/BUILD/GAP8_V2/GCC_RISCV_FREERTOS//home/bitcraze/projects/gap_sdk/rtos/freeRTOS/vendors/gwt/gap8/pmsis/drivers/pad/pad.o
 .text.hal_write32
                0x000000001c004ee2       0x1a /home/bitcraze/projects/IAA_2024/lab3/student/code/gap8/BUILD/GAP8_V2/GCC_RISCV_FREERTOS//home/bitcraze/projects/gap_sdk/rtos/freeRTOS/vendors/gwt/gap8/pmsis/drivers/pad/pad.o
 .text.hal_read32
                0x000000001c004efc       0x1a /home/bitcraze/projects/IAA_2024/lab3/student/code/gap8/BUILD/GAP8_V2/GCC_RISCV_FREERTOS//home/bitcraze/projects/gap_sdk/rtos/freeRTOS/vendors/gwt/gap8/pmsis/drivers/pad/pad.o
 .text.soc_ctrl_safe_padfun_set
                0x000000001c004f16       0x2c /home/bitcraze/projects/IAA_2024/lab3/student/code/gap8/BUILD/GAP8_V2/GCC_RISCV_FREERTOS//home/bitcraze/projects/gap_sdk/rtos/freeRTOS/vendors/gwt/gap8/pmsis/drivers/pad/pad.o
 .text.soc_ctrl_safe_padfun_get
                0x000000001c004f42       0x2a /home/bitcraze/projects/IAA_2024/lab3/student/code/gap8/BUILD/GAP8_V2/GCC_RISCV_FREERTOS//home/bitcraze/projects/gap_sdk/rtos/freeRTOS/vendors/gwt/gap8/pmsis/drivers/pad/pad.o
 .text.hal_pad_function_set
                0x000000001c004f6c       0x74 /home/bitcraze/projects/IAA_2024/lab3/student/code/gap8/BUILD/GAP8_V2/GCC_RISCV_FREERTOS//home/bitcraze/projects/gap_sdk/rtos/freeRTOS/vendors/gwt/gap8/pmsis/drivers/pad/pad.o
 .text.hal_pad_padfunc_set
                0x000000001c004fe0       0x20 /home/bitcraze/projects/IAA_2024/lab3/student/code/gap8/BUILD/GAP8_V2/GCC_RISCV_FREERTOS//home/bitcraze/projects/gap_sdk/rtos/freeRTOS/vendors/gwt/gap8/pmsis/drivers/pad/pad.o
 .text.pi_pad_set_function
                0x000000001c005000       0x24 /home/bitcraze/projects/IAA_2024/lab3/student/code/gap8/BUILD/GAP8_V2/GCC_RISCV_FREERTOS//home/bitcraze/projects/gap_sdk/rtos/freeRTOS/vendors/gwt/gap8/pmsis/drivers/pad/pad.o
                0x000000001c005000                pi_pad_set_function
 .text.pi_pad_init
                0x000000001c005024       0x38 /home/bitcraze/projects/IAA_2024/lab3/student/code/gap8/BUILD/GAP8_V2/GCC_RISCV_FREERTOS//home/bitcraze/projects/gap_sdk/rtos/freeRTOS/vendors/gwt/gap8/pmsis/drivers/pad/pad.o
                0x000000001c005024                pi_pad_init
 .text.hal_compiler_barrier
                0x000000001c00505c        0x4 /home/bitcraze/projects/IAA_2024/lab3/student/code/gap8/BUILD/GAP8_V2/GCC_RISCV_FREERTOS//home/bitcraze/projects/gap_sdk/rtos/freeRTOS/vendors/gwt/gap8/pmsis/drivers/pmu/pmu_internal.o
 .text.hal_write32
                0x000000001c005060       0x1a /home/bitcraze/projects/IAA_2024/lab3/student/code/gap8/BUILD/GAP8_V2/GCC_RISCV_FREERTOS//home/bitcraze/projects/gap_sdk/rtos/freeRTOS/vendors/gwt/gap8/pmsis/drivers/pmu/pmu_internal.o
 .text.hal_read32
                0x000000001c00507a       0x1a /home/bitcraze/projects/IAA_2024/lab3/student/code/gap8/BUILD/GAP8_V2/GCC_RISCV_FREERTOS//home/bitcraze/projects/gap_sdk/rtos/freeRTOS/vendors/gwt/gap8/pmsis/drivers/pmu/pmu_internal.o
 .text.soc_ctrl_cl_bypass_set
                0x000000001c005094       0x1c /home/bitcraze/projects/IAA_2024/lab3/student/code/gap8/BUILD/GAP8_V2/GCC_RISCV_FREERTOS//home/bitcraze/projects/gap_sdk/rtos/freeRTOS/vendors/gwt/gap8/pmsis/drivers/pmu/pmu_internal.o
 .text.soc_ctrl_cl_bypass_get
                0x000000001c0050b0       0x1a /home/bitcraze/projects/IAA_2024/lab3/student/code/gap8/BUILD/GAP8_V2/GCC_RISCV_FREERTOS//home/bitcraze/projects/gap_sdk/rtos/freeRTOS/vendors/gwt/gap8/pmsis/drivers/pmu/pmu_internal.o
 .text.soc_ctrl_safe_pmu_rar_get
                0x000000001c0050ca       0x1a /home/bitcraze/projects/IAA_2024/lab3/student/code/gap8/BUILD/GAP8_V2/GCC_RISCV_FREERTOS//home/bitcraze/projects/gap_sdk/rtos/freeRTOS/vendors/gwt/gap8/pmsis/drivers/pmu/pmu_internal.o
 .text.soc_ctrl_safe_pmu_sleepctrl_get
                0x000000001c0050e4       0x1a /home/bitcraze/projects/IAA_2024/lab3/student/code/gap8/BUILD/GAP8_V2/GCC_RISCV_FREERTOS//home/bitcraze/projects/gap_sdk/rtos/freeRTOS/vendors/gwt/gap8/pmsis/drivers/pmu/pmu_internal.o
 .text.hal_soc_ctrl_cl_bypass_get
                0x000000001c0050fe       0x12 /home/bitcraze/projects/IAA_2024/lab3/student/code/gap8/BUILD/GAP8_V2/GCC_RISCV_FREERTOS//home/bitcraze/projects/gap_sdk/rtos/freeRTOS/vendors/gwt/gap8/pmsis/drivers/pmu/pmu_internal.o
 .text.hal_soc_ctrl_cl_bypass_mask_set
                0x000000001c005110       0x14 /home/bitcraze/projects/IAA_2024/lab3/student/code/gap8/BUILD/GAP8_V2/GCC_RISCV_FREERTOS//home/bitcraze/projects/gap_sdk/rtos/freeRTOS/vendors/gwt/gap8/pmsis/drivers/pmu/pmu_internal.o
 .text.hal_soc_ctrl_pmu_rar_get
                0x000000001c005124       0x12 /home/bitcraze/projects/IAA_2024/lab3/student/code/gap8/BUILD/GAP8_V2/GCC_RISCV_FREERTOS//home/bitcraze/projects/gap_sdk/rtos/freeRTOS/vendors/gwt/gap8/pmsis/drivers/pmu/pmu_internal.o
 .text.hal_soc_ctrl_pmu_sleepctrl_get
                0x000000001c005136       0x12 /home/bitcraze/projects/IAA_2024/lab3/student/code/gap8/BUILD/GAP8_V2/GCC_RISCV_FREERTOS//home/bitcraze/projects/gap_sdk/rtos/freeRTOS/vendors/gwt/gap8/pmsis/drivers/pmu/pmu_internal.o
 .text.pmu_dlc_dlc_imr_set
                0x000000001c005148       0x1c /home/bitcraze/projects/IAA_2024/lab3/student/code/gap8/BUILD/GAP8_V2/GCC_RISCV_FREERTOS//home/bitcraze/projects/gap_sdk/rtos/freeRTOS/vendors/gwt/gap8/pmsis/drivers/pmu/pmu_internal.o
 .text.pmu_dlc_dlc_ifr_set
                0x000000001c005164       0x1c /home/bitcraze/projects/IAA_2024/lab3/student/code/gap8/BUILD/GAP8_V2/GCC_RISCV_FREERTOS//home/bitcraze/projects/gap_sdk/rtos/freeRTOS/vendors/gwt/gap8/pmsis/drivers/pmu/pmu_internal.o
 .text.hal_pmu_dlc_imr_mask_set
                0x000000001c005180       0x14 /home/bitcraze/projects/IAA_2024/lab3/student/code/gap8/BUILD/GAP8_V2/GCC_RISCV_FREERTOS//home/bitcraze/projects/gap_sdk/rtos/freeRTOS/vendors/gwt/gap8/pmsis/drivers/pmu/pmu_internal.o
 .text.hal_pmu_dlc_ifr_mask_clear
                0x000000001c005194       0x14 /home/bitcraze/projects/IAA_2024/lab3/student/code/gap8/BUILD/GAP8_V2/GCC_RISCV_FREERTOS//home/bitcraze/projects/gap_sdk/rtos/freeRTOS/vendors/gwt/gap8/pmsis/drivers/pmu/pmu_internal.o
 .text.hal_soc_eu_set_fc_mask
                0x000000001c0051a8       0x5a /home/bitcraze/projects/IAA_2024/lab3/student/code/gap8/BUILD/GAP8_V2/GCC_RISCV_FREERTOS//home/bitcraze/projects/gap_sdk/rtos/freeRTOS/vendors/gwt/gap8/pmsis/drivers/pmu/pmu_internal.o
 .text.__pi_pmu_handler
                0x000000001c005202       0x32 /home/bitcraze/projects/IAA_2024/lab3/student/code/gap8/BUILD/GAP8_V2/GCC_RISCV_FREERTOS//home/bitcraze/projects/gap_sdk/rtos/freeRTOS/vendors/gwt/gap8/pmsis/drivers/pmu/pmu_internal.o
 .text.__pi_pmu_task_fifo_pop
                0x000000001c005234       0x32 /home/bitcraze/projects/IAA_2024/lab3/student/code/gap8/BUILD/GAP8_V2/GCC_RISCV_FREERTOS//home/bitcraze/projects/gap_sdk/rtos/freeRTOS/vendors/gwt/gap8/pmsis/drivers/pmu/pmu_internal.o
 .text.__pi_pmu_init
                0x000000001c005266      0x1ae /home/bitcraze/projects/IAA_2024/lab3/student/code/gap8/BUILD/GAP8_V2/GCC_RISCV_FREERTOS//home/bitcraze/projects/gap_sdk/rtos/freeRTOS/vendors/gwt/gap8/pmsis/drivers/pmu/pmu_internal.o
                0x000000001c005266                __pi_pmu_init
 .text.hal_compiler_barrier
                0x000000001c005414        0x4 /home/bitcraze/projects/IAA_2024/lab3/student/code/gap8/BUILD/GAP8_V2/GCC_RISCV_FREERTOS//home/bitcraze/projects/gap_sdk/rtos/freeRTOS/vendors/gwt/gap8/pmsis/drivers/timer/timer.o
 .text.hal_write32
                0x000000001c005418       0x1e /home/bitcraze/projects/IAA_2024/lab3/student/code/gap8/BUILD/GAP8_V2/GCC_RISCV_FREERTOS//home/bitcraze/projects/gap_sdk/rtos/freeRTOS/vendors/gwt/gap8/pmsis/drivers/timer/timer.o
 .text.hal_read32
                0x000000001c005436       0x1e /home/bitcraze/projects/IAA_2024/lab3/student/code/gap8/BUILD/GAP8_V2/GCC_RISCV_FREERTOS//home/bitcraze/projects/gap_sdk/rtos/freeRTOS/vendors/gwt/gap8/pmsis/drivers/timer/timer.o
 .text.timer_cfg_set
                0x000000001c005454       0x2c /home/bitcraze/projects/IAA_2024/lab3/student/code/gap8/BUILD/GAP8_V2/GCC_RISCV_FREERTOS//home/bitcraze/projects/gap_sdk/rtos/freeRTOS/vendors/gwt/gap8/pmsis/drivers/timer/timer.o
 .text.timer_cfg_get
                0x000000001c005480       0x2a /home/bitcraze/projects/IAA_2024/lab3/student/code/gap8/BUILD/GAP8_V2/GCC_RISCV_FREERTOS//home/bitcraze/projects/gap_sdk/rtos/freeRTOS/vendors/gwt/gap8/pmsis/drivers/timer/timer.o
 .text.timer_cnt_set
                0x000000001c0054aa       0x2e /home/bitcraze/projects/IAA_2024/lab3/student/code/gap8/BUILD/GAP8_V2/GCC_RISCV_FREERTOS//home/bitcraze/projects/gap_sdk/rtos/freeRTOS/vendors/gwt/gap8/pmsis/drivers/timer/timer.o
 .text.timer_cmp_set
                0x000000001c0054d8       0x2e /home/bitcraze/projects/IAA_2024/lab3/student/code/gap8/BUILD/GAP8_V2/GCC_RISCV_FREERTOS//home/bitcraze/projects/gap_sdk/rtos/freeRTOS/vendors/gwt/gap8/pmsis/drivers/timer/timer.o
 .text.hal_timer_cfg_set
                0x000000001c005506       0x44 /home/bitcraze/projects/IAA_2024/lab3/student/code/gap8/BUILD/GAP8_V2/GCC_RISCV_FREERTOS//home/bitcraze/projects/gap_sdk/rtos/freeRTOS/vendors/gwt/gap8/pmsis/drivers/timer/timer.o
 .text.hal_timer_stop_set
                0x000000001c00554a       0x40 /home/bitcraze/projects/IAA_2024/lab3/student/code/gap8/BUILD/GAP8_V2/GCC_RISCV_FREERTOS//home/bitcraze/projects/gap_sdk/rtos/freeRTOS/vendors/gwt/gap8/pmsis/drivers/timer/timer.o
 .text.pi_timer_init
                0x000000001c00558a       0x4e /home/bitcraze/projects/IAA_2024/lab3/student/code/gap8/BUILD/GAP8_V2/GCC_RISCV_FREERTOS//home/bitcraze/projects/gap_sdk/rtos/freeRTOS/vendors/gwt/gap8/pmsis/drivers/timer/timer.o
                0x000000001c00558a                pi_timer_init
 .text.pi_timer_stop
                0x000000001c0055d8       0x44 /home/bitcraze/projects/IAA_2024/lab3/student/code/gap8/BUILD/GAP8_V2/GCC_RISCV_FREERTOS//home/bitcraze/projects/gap_sdk/rtos/freeRTOS/vendors/gwt/gap8/pmsis/drivers/timer/timer.o
                0x000000001c0055d8                pi_timer_stop
 .text.hal_compiler_barrier
                0x000000001c00561c        0x4 /home/bitcraze/projects/IAA_2024/lab3/student/code/gap8/BUILD/GAP8_V2/GCC_RISCV_FREERTOS//home/bitcraze/projects/gap_sdk/rtos/freeRTOS/vendors/gwt/gap8/pmsis/drivers/udma/hyperbus/hyperbus_internal.o
 .text.hal_write32
                0x000000001c005620       0x1e /home/bitcraze/projects/IAA_2024/lab3/student/code/gap8/BUILD/GAP8_V2/GCC_RISCV_FREERTOS//home/bitcraze/projects/gap_sdk/rtos/freeRTOS/vendors/gwt/gap8/pmsis/drivers/udma/hyperbus/hyperbus_internal.o
 .text.udma_enqueue_channel
                0x000000001c00563e       0x6c /home/bitcraze/projects/IAA_2024/lab3/student/code/gap8/BUILD/GAP8_V2/GCC_RISCV_FREERTOS//home/bitcraze/projects/gap_sdk/rtos/freeRTOS/vendors/gwt/gap8/pmsis/drivers/udma/hyperbus/hyperbus_internal.o
 .text.hyper_udma_channel_set
                0x000000001c0056aa       0x2a /home/bitcraze/projects/IAA_2024/lab3/student/code/gap8/BUILD/GAP8_V2/GCC_RISCV_FREERTOS//home/bitcraze/projects/gap_sdk/rtos/freeRTOS/vendors/gwt/gap8/pmsis/drivers/udma/hyperbus/hyperbus_internal.o
 .text.hyper_ext_addr_set
                0x000000001c0056d4       0x1c /home/bitcraze/projects/IAA_2024/lab3/student/code/gap8/BUILD/GAP8_V2/GCC_RISCV_FREERTOS//home/bitcraze/projects/gap_sdk/rtos/freeRTOS/vendors/gwt/gap8/pmsis/drivers/udma/hyperbus/hyperbus_internal.o
 .text.hal_hyper_enqueue
                0x000000001c0056f0       0x34 /home/bitcraze/projects/IAA_2024/lab3/student/code/gap8/BUILD/GAP8_V2/GCC_RISCV_FREERTOS//home/bitcraze/projects/gap_sdk/rtos/freeRTOS/vendors/gwt/gap8/pmsis/drivers/udma/hyperbus/hyperbus_internal.o
 .text.l2_memcpy
                0x000000001c005724       0x1e /home/bitcraze/projects/IAA_2024/lab3/student/code/gap8/BUILD/GAP8_V2/GCC_RISCV_FREERTOS//home/bitcraze/projects/gap_sdk/rtos/freeRTOS/vendors/gwt/gap8/pmsis/drivers/udma/hyperbus/hyperbus_internal.o
 .text.__pi_hyper_handle_end_of_task
                0x000000001c005742       0x4c /home/bitcraze/projects/IAA_2024/lab3/student/code/gap8/BUILD/GAP8_V2/GCC_RISCV_FREERTOS//home/bitcraze/projects/gap_sdk/rtos/freeRTOS/vendors/gwt/gap8/pmsis/drivers/udma/hyperbus/hyperbus_internal.o
 .text.__pi_hyper_task_fifo_pop
                0x000000001c00578e       0x42 /home/bitcraze/projects/IAA_2024/lab3/student/code/gap8/BUILD/GAP8_V2/GCC_RISCV_FREERTOS//home/bitcraze/projects/gap_sdk/rtos/freeRTOS/vendors/gwt/gap8/pmsis/drivers/udma/hyperbus/hyperbus_internal.o
 .text.__pi_hyper_resume_emu_task
                0x000000001c0057d0       0x1a /home/bitcraze/projects/IAA_2024/lab3/student/code/gap8/BUILD/GAP8_V2/GCC_RISCV_FREERTOS//home/bitcraze/projects/gap_sdk/rtos/freeRTOS/vendors/gwt/gap8/pmsis/drivers/udma/hyperbus/hyperbus_internal.o
 .text.__pi_hyper_copy_misaligned
                0x000000001c0057ea       0x34 /home/bitcraze/projects/IAA_2024/lab3/student/code/gap8/BUILD/GAP8_V2/GCC_RISCV_FREERTOS//home/bitcraze/projects/gap_sdk/rtos/freeRTOS/vendors/gwt/gap8/pmsis/drivers/udma/hyperbus/hyperbus_internal.o
 .text.__pi_hyper_copy_aligned
                0x000000001c00581e       0x46 /home/bitcraze/projects/IAA_2024/lab3/student/code/gap8/BUILD/GAP8_V2/GCC_RISCV_FREERTOS//home/bitcraze/projects/gap_sdk/rtos/freeRTOS/vendors/gwt/gap8/pmsis/drivers/udma/hyperbus/hyperbus_internal.o
 .text.__pi_hyper_copy_exec
                0x000000001c005864       0x8a /home/bitcraze/projects/IAA_2024/lab3/student/code/gap8/BUILD/GAP8_V2/GCC_RISCV_FREERTOS//home/bitcraze/projects/gap_sdk/rtos/freeRTOS/vendors/gwt/gap8/pmsis/drivers/udma/hyperbus/hyperbus_internal.o
 .text.__pi_hyper_copy_2d_exec
                0x000000001c0058ee       0x4e /home/bitcraze/projects/IAA_2024/lab3/student/code/gap8/BUILD/GAP8_V2/GCC_RISCV_FREERTOS//home/bitcraze/projects/gap_sdk/rtos/freeRTOS/vendors/gwt/gap8/pmsis/drivers/udma/hyperbus/hyperbus_internal.o
 .text.__pi_hyper_resume_misaligned_write
                0x000000001c00593c      0x2a8 /home/bitcraze/projects/IAA_2024/lab3/student/code/gap8/BUILD/GAP8_V2/GCC_RISCV_FREERTOS//home/bitcraze/projects/gap_sdk/rtos/freeRTOS/vendors/gwt/gap8/pmsis/drivers/udma/hyperbus/hyperbus_internal.o
 .text.__pi_hyper_resume_misaligned_read
                0x000000001c005be4      0x24e /home/bitcraze/projects/IAA_2024/lab3/student/code/gap8/BUILD/GAP8_V2/GCC_RISCV_FREERTOS//home/bitcraze/projects/gap_sdk/rtos/freeRTOS/vendors/gwt/gap8/pmsis/drivers/udma/hyperbus/hyperbus_internal.o
 .text.pi_cpi_conf_init
                0x000000001c005e32       0x12 /home/bitcraze/projects/IAA_2024/lab3/student/code/gap8/BUILD/GAP8_V2/GCC_RISCV_FREERTOS//home/bitcraze/projects/gap_sdk/rtos/freeRTOS/vendors/gwt/gap8/pmsis/drivers/udma/cpi/cpi.o
                0x000000001c005e32                pi_cpi_conf_init
 .text.pi_cpi_open
                0x000000001c005e44       0x26 /home/bitcraze/projects/IAA_2024/lab3/student/code/gap8/BUILD/GAP8_V2/GCC_RISCV_FREERTOS//home/bitcraze/projects/gap_sdk/rtos/freeRTOS/vendors/gwt/gap8/pmsis/drivers/udma/cpi/cpi.o
                0x000000001c005e44                pi_cpi_open
 .text.pi_cpi_close
                0x000000001c005e6a       0x24 /home/bitcraze/projects/IAA_2024/lab3/student/code/gap8/BUILD/GAP8_V2/GCC_RISCV_FREERTOS//home/bitcraze/projects/gap_sdk/rtos/freeRTOS/vendors/gwt/gap8/pmsis/drivers/udma/cpi/cpi.o
                0x000000001c005e6a                pi_cpi_close
 .text.pi_cpi_capture_async
                0x000000001c005e8e       0x28 /home/bitcraze/projects/IAA_2024/lab3/student/code/gap8/BUILD/GAP8_V2/GCC_RISCV_FREERTOS//home/bitcraze/projects/gap_sdk/rtos/freeRTOS/vendors/gwt/gap8/pmsis/drivers/udma/cpi/cpi.o
                0x000000001c005e8e                pi_cpi_capture_async
 .text.hal_compiler_barrier
                0x000000001c005eb6        0x4 /home/bitcraze/projects/IAA_2024/lab3/student/code/gap8/BUILD/GAP8_V2/GCC_RISCV_FREERTOS//home/bitcraze/projects/gap_sdk/rtos/freeRTOS/vendors/gwt/gap8/pmsis/drivers/udma/cpi/cpi_internal.o
 .text.hal_write32